// Jest Snapshot v1, https://goo.gl/fbAQLP

exports[`renders correctly 1`] = `
<div
  className="NimbledroidProductVersions-root-1"
>
  <span
    className="NimbledroidProductVersions-spacing-2"
  >
    GeckoView (8.0)
  </span>
  <span
    className="NimbledroidProductVersions-spacing-2"
  >
    WebView (8.0)
  </span>
  <span
    className="NimbledroidProductVersions-spacing-2"
  >
    ChromeBeta (70.0.3538.17)
  </span>
</div>
`;
