// Jest Snapshot v1, https://goo.gl/fbAQLP

exports[`renders correctly 1`] = `
<div
  className="DashboardPage-root-1"
>
  <div
    className="DashboardPage-title-2"
  >
    <h1
      style={
        Object {
          "display": "inline",
        }
      }
    >
      Android
      <small
        className="DashboardPage-subtitle-3"
      >
        Release criteria
      </small>
    </h1>
    <span
      style={
        Object {
          "float": "right",
        }
      }
    >
      <a
        href="https://github.com/mozilla-frontend-infra/firefox-health-dashboard/"
      >
        <img
          alt="Go to Github Repo"
          src="test-file-stub"
          style={
            Object {
              "padding": "0 0.5rem 0 0",
              "width": "2rem",
            }
          }
        />
      </a>
    </span>
  </div>
  <div>
    <div
      className="MuiGrid-container-4 MuiGrid-spacing-xs-24-28"
    >
      <div
        className="MuiGrid-item-5 MuiGrid-grid-xs-6-38"
      >
        <div>
          <div
            className="Section-header-102"
          >
            <h2
              className="Section-title-103"
            >
              <span>
                Bugzilla
              </span>
            </h2>
          </div>
          <div
            className="Section-content-101"
          >
            <div
              style={
                Object {
                  "lineHeight": "100%",
                  "textAlign": "center",
                  "width": "100%",
                }
              }
            >
              <div
                className="MuiCircularProgress-root-109 MuiCircularProgress-colorPrimary-112 MuiCircularProgress-indeterminate-111"
                role="progressbar"
                style={
                  Object {
                    "height": 40,
                    "width": 40,
                  }
                }
              >
                <svg
                  className="MuiCircularProgress-svg-114"
                  viewBox="22 22 44 44"
                >
                  <circle
                    className="MuiCircularProgress-circle-115 MuiCircularProgress-circleIndeterminate-117"
                    cx={44}
                    cy={44}
                    fill="none"
                    r={20.2}
                    strokeWidth={3.6}
                    style={Object {}}
                  />
                </svg>
              </div>
            </div>
          </div>
        </div>
      </div>
      <div
        className="MuiGrid-item-5 MuiGrid-grid-xs-6-38"
      >
        <div>
          <div
            className="Section-header-102"
          >
            <h2
              className="Section-title-103"
            >
              <span>
                Nimbledroid
                <span
                  className="Section-subtitle-104"
                >
                  GeckoView Example vs Chrome Beta
                </span>
              </span>
            </h2>
          </div>
          <div
            className="Section-content-101"
          >
            <div />
          </div>
        </div>
      </div>
    </div>
  </div>
  <div>
    <div
      className="Section-header-102"
    >
      <h2
        className="Section-title-103"
      >
        <span>
          Page Load tests (TP6m)
          <span>
             (
            <a
              href="/android/tp6m?test=loadtime"
            >
              more
            </a>
            )
          </span>
        </span>
      </h2>
    </div>
    <div
      className="Section-content-101"
    >
      <div
        className="MuiGrid-container-4 MuiGrid-spacing-xs-24-28"
      >
        <div
          className="MuiGrid-item-5 MuiGrid-grid-xs-6-38"
        >
          <div>
            <h2
              className="ErrorBoundary-title-119"
            >
              <span>
                Tp6 mobile: Facebook
              </span>
            </h2>
            <div
              style={
                Object {
                  "lineHeight": "100%",
                  "textAlign": "center",
                  "width": "100%",
                }
              }
            >
              <div
                className="MuiCircularProgress-root-109 MuiCircularProgress-colorPrimary-112 MuiCircularProgress-indeterminate-111"
                role="progressbar"
                style={
                  Object {
                    "height": 40,
                    "width": 40,
                  }
                }
              >
                <svg
                  className="MuiCircularProgress-svg-114"
                  viewBox="22 22 44 44"
                >
                  <circle
                    className="MuiCircularProgress-circle-115 MuiCircularProgress-circleIndeterminate-117"
                    cx={44}
                    cy={44}
                    fill="none"
                    r={20.2}
                    strokeWidth={3.6}
                    style={Object {}}
                  />
                </svg>
              </div>
            </div>
          </div>
        </div>
        <div
          className="MuiGrid-item-5 MuiGrid-grid-xs-6-38"
        >
          <div>
            <h2
              className="ErrorBoundary-title-119"
            >
              <span>
                Tp6 mobile: Google
              </span>
            </h2>
            <div
              style={
                Object {
                  "lineHeight": "100%",
                  "textAlign": "center",
                  "width": "100%",
                }
              }
            >
              <div
                className="MuiCircularProgress-root-109 MuiCircularProgress-colorPrimary-112 MuiCircularProgress-indeterminate-111"
                role="progressbar"
                style={
                  Object {
                    "height": 40,
                    "width": 40,
                  }
                }
              >
                <svg
                  className="MuiCircularProgress-svg-114"
                  viewBox="22 22 44 44"
                >
                  <circle
                    className="MuiCircularProgress-circle-115 MuiCircularProgress-circleIndeterminate-117"
                    cx={44}
                    cy={44}
                    fill="none"
                    r={20.2}
                    strokeWidth={3.6}
                    style={Object {}}
                  />
                </svg>
              </div>
            </div>
          </div>
        </div>
        <div
          className="MuiGrid-item-5 MuiGrid-grid-xs-6-38"
        >
          <div>
            <h2
              className="ErrorBoundary-title-119"
            >
              <span>
                Tp6 mobile: Wikipedia
              </span>
            </h2>
            <div
              style={
                Object {
                  "lineHeight": "100%",
                  "textAlign": "center",
                  "width": "100%",
                }
              }
            >
              <div
                className="MuiCircularProgress-root-109 MuiCircularProgress-colorPrimary-112 MuiCircularProgress-indeterminate-111"
                role="progressbar"
                style={
                  Object {
                    "height": 40,
                    "width": 40,
                  }
                }
              >
                <svg
                  className="MuiCircularProgress-svg-114"
                  viewBox="22 22 44 44"
                >
                  <circle
                    className="MuiCircularProgress-circle-115 MuiCircularProgress-circleIndeterminate-117"
                    cx={44}
                    cy={44}
                    fill="none"
                    r={20.2}
                    strokeWidth={3.6}
                    style={Object {}}
                  />
                </svg>
              </div>
            </div>
          </div>
        </div>
        <div
          className="MuiGrid-item-5 MuiGrid-grid-xs-6-38"
        >
          <div>
            <h2
              className="ErrorBoundary-title-119"
            >
              <span>
                Tp6 mobile: YouTube
              </span>
            </h2>
            <div
              style={
                Object {
                  "lineHeight": "100%",
                  "textAlign": "center",
                  "width": "100%",
                }
              }
            >
              <div
                className="MuiCircularProgress-root-109 MuiCircularProgress-colorPrimary-112 MuiCircularProgress-indeterminate-111"
                role="progressbar"
                style={
                  Object {
                    "height": 40,
                    "width": 40,
                  }
                }
              >
                <svg
                  className="MuiCircularProgress-svg-114"
                  viewBox="22 22 44 44"
                >
                  <circle
                    className="MuiCircularProgress-circle-115 MuiCircularProgress-circleIndeterminate-117"
                    cx={44}
                    cy={44}
                    fill="none"
                    r={20.2}
                    strokeWidth={3.6}
                    style={Object {}}
                  />
                </svg>
              </div>
            </div>
          </div>
        </div>
      </div>
    </div>
  </div>
  <div>
    <div
      className="Section-header-102"
    >
      <h2
        className="Section-title-103"
      >
        <span>
          Telemetry
        </span>
      </h2>
    </div>
    <div
      className="Section-content-101"
    >
      <div
        className="MuiGrid-container-4 MuiGrid-spacing-xs-24-28"
      >
        <div
          className="MuiGrid-item-5 MuiGrid-grid-xs-6-38"
        >
          <div>
            <h2
              className="ErrorBoundary-title-121"
            >
              <span>
                Total content page load time (no 95th)
              </span>
            </h2>
            <div
              style={
                Object {
                  "lineHeight": "100%",
                  "textAlign": "center",
                  "width": "100%",
                }
              }
            >
              <div
                className="MuiCircularProgress-root-109 MuiCircularProgress-colorPrimary-112 MuiCircularProgress-indeterminate-111"
                role="progressbar"
                style={
                  Object {
                    "height": 40,
                    "width": 40,
                  }
                }
              >
                <svg
                  className="MuiCircularProgress-svg-114"
                  viewBox="22 22 44 44"
                >
                  <circle
                    className="MuiCircularProgress-circle-115 MuiCircularProgress-circleIndeterminate-117"
                    cx={44}
                    cy={44}
                    fill="none"
                    r={20.2}
                    strokeWidth={3.6}
                    style={Object {}}
                  />
                </svg>
              </div>
            </div>
            <div
              className="ErrorBoundary-linkContainer-122"
            >
              <a
                href="https://sql.telemetry.mozilla.org/queries/59395"
                rel="noopener noreferrer"
                target="_blank"
              >
                <span
                  className="ErrorBoundary-middleVerticalAlignment-123"
                >
                  Redash query
                </span>
                <svg
                  aria-hidden="true"
                  className="MuiSvgIcon-root-124 ErrorBoundary-middleVerticalAlignment-123"
                  focusable="false"
                  role="presentation"
                  style={
                    Object {
                      "height": "1rem",
                    }
                  }
                  viewBox="0 0 24 24"
                >
                  <path
                    d="M0 0h24v24H0z"
                    fill="none"
                  />
                  <path
                    d="M18 8h-1V6c0-2.76-2.24-5-5-5S7 3.24 7 6v2H6c-1.1 0-2 .9-2 2v10c0 1.1.9 2 2 2h12c1.1 0 2-.9 2-2V10c0-1.1-.9-2-2-2zm-6 9c-1.1 0-2-.9-2-2s.9-2 2-2 2 .9 2 2-.9 2-2 2zm3.1-9H8.9V6c0-1.71 1.39-3.1 3.1-3.1 1.71 0 3.1 1.39 3.1 3.1v2z"
                  />
                </svg>
              </a>
            </div>
          </div>
        </div>
        <div
          className="MuiGrid-item-5 MuiGrid-grid-xs-6-38"
        >
          <div>
            <h2
              className="ErrorBoundary-title-121"
            >
              <span>
                Total content page load time
              </span>
            </h2>
            <div
              style={
                Object {
                  "lineHeight": "100%",
                  "textAlign": "center",
                  "width": "100%",
                }
              }
            >
              <div
                className="MuiCircularProgress-root-109 MuiCircularProgress-colorPrimary-112 MuiCircularProgress-indeterminate-111"
                role="progressbar"
                style={
                  Object {
                    "height": 40,
                    "width": 40,
                  }
                }
              >
                <svg
                  className="MuiCircularProgress-svg-114"
                  viewBox="22 22 44 44"
                >
                  <circle
                    className="MuiCircularProgress-circle-115 MuiCircularProgress-circleIndeterminate-117"
                    cx={44}
                    cy={44}
                    fill="none"
                    r={20.2}
                    strokeWidth={3.6}
                    style={Object {}}
                  />
                </svg>
              </div>
            </div>
            <div
              className="ErrorBoundary-linkContainer-122"
            >
              <a
                href="https://sql.telemetry.mozilla.org/queries/59397"
                rel="noopener noreferrer"
                target="_blank"
              >
                <span
                  className="ErrorBoundary-middleVerticalAlignment-123"
                >
                  Redash query
                </span>
                <svg
                  aria-hidden="true"
                  className="MuiSvgIcon-root-124 ErrorBoundary-middleVerticalAlignment-123"
                  focusable="false"
                  role="presentation"
                  style={
                    Object {
                      "height": "1rem",
                    }
                  }
                  viewBox="0 0 24 24"
                >
                  <path
                    d="M0 0h24v24H0z"
                    fill="none"
                  />
                  <path
                    d="M18 8h-1V6c0-2.76-2.24-5-5-5S7 3.24 7 6v2H6c-1.1 0-2 .9-2 2v10c0 1.1.9 2 2 2h12c1.1 0 2-.9 2-2V10c0-1.1-.9-2-2-2zm-6 9c-1.1 0-2-.9-2-2s.9-2 2-2 2 .9 2 2-.9 2-2 2zm3.1-9H8.9V6c0-1.71 1.39-3.1 3.1-3.1 1.71 0 3.1 1.39 3.1 3.1v2z"
                  />
                </svg>
              </a>
            </div>
          </div>
        </div>
      </div>
    </div>
  </div>
  <div>
    <div
      className="Section-header-102"
    >
      <h2
        className="Section-title-103"
      >
        <span>
          Perfherder
          <span
            className="Section-subtitle-104"
          >
            Lower in the graph is better regardless if it is a score or execution time (read the Y label)
          </span>
        </span>
      </h2>
    </div>
    <div
      className="Section-content-101"
    >
      <div
        className="MuiGrid-container-4 MuiGrid-spacing-xs-24-28"
      >
        <div
          className="MuiGrid-item-5 MuiGrid-grid-xs-6-38"
        >
          <div>
            <h2
              className="ErrorBoundary-title-119"
            >
              <span>
                Speedometer
              </span>
            </h2>
            <div
              style={
                Object {
                  "lineHeight": "100%",
                  "textAlign": "center",
                  "width": "100%",
                }
              }
            >
              <div
                className="MuiCircularProgress-root-109 MuiCircularProgress-colorPrimary-112 MuiCircularProgress-indeterminate-111"
                role="progressbar"
                style={
                  Object {
                    "height": 40,
                    "width": 40,
                  }
                }
              >
                <svg
                  className="MuiCircularProgress-svg-114"
                  viewBox="22 22 44 44"
                >
                  <circle
                    className="MuiCircularProgress-circle-115 MuiCircularProgress-circleIndeterminate-117"
                    cx={44}
                    cy={44}
                    fill="none"
                    r={20.2}
                    strokeWidth={3.6}
                    style={Object {}}
                  />
                </svg>
              </div>
            </div>
          </div>
        </div>
        <div
          className="MuiGrid-item-5 MuiGrid-grid-xs-6-38"
        >
          <div>
            <h2
              className="ErrorBoundary-title-119"
            >
              <span>
                Unity WebGl
              </span>
            </h2>
            <div
              style={
                Object {
                  "lineHeight": "100%",
                  "textAlign": "center",
                  "width": "100%",
                }
              }
            >
              <div
                className="MuiCircularProgress-root-109 MuiCircularProgress-colorPrimary-112 MuiCircularProgress-indeterminate-111"
                role="progressbar"
                style={
                  Object {
                    "height": 40,
                    "width": 40,
                  }
                }
              >
                <svg
                  className="MuiCircularProgress-svg-114"
                  viewBox="22 22 44 44"
                >
                  <circle
                    className="MuiCircularProgress-circle-115 MuiCircularProgress-circleIndeterminate-117"
                    cx={44}
                    cy={44}
                    fill="none"
                    r={20.2}
                    strokeWidth={3.6}
                    style={Object {}}
                  />
                </svg>
              </div>
            </div>
          </div>
        </div>
      </div>
    </div>
  </div>
</div>
`;
