// Jest Snapshot v1, https://goo.gl/fbAQLP

exports[`renders correctly default 1`] = `
<div
  className="TP6-body-2"
>
  <div
    className="DashboardPage-root-4"
  >
    <div
      className="DashboardPage-title-5"
    >
      <h1
        style={
          Object {
            "display": "inline",
          }
        }
      >
        TP6 Desktop
        <small
          className="DashboardPage-subtitle-6"
        >
          Warm load time on 64 bits
        </small>
      </h1>
      <div
        style={
          Object {
            "float": "right",
            "padding": "0 1rem 0 0",
          }
        }
      >
        <a
          href="/"
          title="Home"
        >
          <svg
            aria-hidden="true"
            className="MuiSvgIcon-root-7"
            focusable="false"
            role="presentation"
            style={
              Object {
                "margin": "0 .2rem 0 .2rem",
                "verticalAlign": "baseline",
              }
            }
            viewBox="0 0 24 24"
          >
            <path
              d="M10 20v-6h4v6h5v-8h3L12 3 2 12h3v8z"
            />
            <path
              d="M0 0h24v24H0z"
              fill="none"
            />
          </svg>
        </a>
        <a
          href="/android"
          title="Android Performance"
        >
          <svg
            aria-hidden="true"
            className="MuiSvgIcon-root-7"
            focusable="false"
            role="presentation"
            style={
              Object {
                "margin": "0 .2rem 0 .2rem",
                "verticalAlign": "baseline",
              }
            }
            viewBox="0 0 24 24"
          >
            <path
              d="M16 1H8C6.34 1 5 2.34 5 4v16c0 1.66 1.34 3 3 3h8c1.66 0 3-1.34 3-3V4c0-1.66-1.34-3-3-3zm-2 20h-4v-1h4v1zm3.25-3H6.75V4h10.5v14z"
            />
            <path
              d="M0 0h24v24H0z"
              fill="none"
            />
          </svg>
        </a>
        <a
          href="/quantum/64"
          title="Quantum 64 Performance"
        >
          <svg
            aria-hidden="true"
            className="MuiSvgIcon-root-7"
            focusable="false"
            role="presentation"
            style={
              Object {
                "margin": "0 .2rem 0 .2rem",
                "verticalAlign": "baseline",
              }
            }
            viewBox="0 0 24 24"
          >
            <path
              d="M0 0h24v24H0z"
              fill="none"
            />
            <path
              d="M21 2H3c-1.1 0-2 .9-2 2v12c0 1.1.9 2 2 2h7v2H8v2h8v-2h-2v-2h7c1.1 0 2-.9 2-2V4c0-1.1-.9-2-2-2zm0 14H3V4h18v12z"
            />
          </svg>
        </a>
        <a
          href="/power"
          title="Power Usage"
        >
          <svg
            aria-hidden="true"
            className="MuiSvgIcon-root-7"
            focusable="false"
            role="presentation"
            style={
              Object {
                "margin": "0 .2rem 0 .2rem",
                "verticalAlign": "baseline",
              }
            }
            viewBox="0 0 24 24"
          >
            <path
              d="M0 0h24v24H0z"
              fill="none"
            />
            <path
              d="M15.67 4H14V2h-4v2H8.33C7.6 4 7 4.6 7 5.33v15.33C7 21.4 7.6 22 8.33 22h7.33c.74 0 1.34-.6 1.34-1.33V5.33C17 4.6 16.4 4 15.67 4zM11 20v-5.5H9L13 7v5.5h2L11 20z"
            />
          </svg>
        </a>
        <a
          href="/playback"
          title="Playback"
        >
          <svg
            aria-hidden="true"
            className="MuiSvgIcon-root-7"
            focusable="false"
            role="presentation"
            style={
              Object {
                "margin": "0 .2rem 0 .2rem",
                "verticalAlign": "baseline",
              }
            }
            viewBox="0 0 24 24"
          >
            <path
              d="M0 0h24v24H0z"
              fill="none"
            />
            <path
              d="M17 10.5V7c0-.55-.45-1-1-1H4c-.55 0-1 .45-1 1v10c0 .55.45 1 1 1h12c.55 0 1-.45 1-1v-3.5l4 4v-11l-4 4z"
            />
          </svg>
        </a>
        <a
          href="https://github.com/mozilla-frontend-infra/firefox-health-dashboard/"
          title="Source Code"
        >
          <svg
            aria-hidden="true"
            className="MuiSvgIcon-root-7"
            focusable="false"
            role="presentation"
            style={
              Object {
                "margin": "0 .2rem 0 .2rem",
                "verticalAlign": "baseline",
              }
            }
            viewBox="0 0 24 24"
          >
            <path
              d="M0 0h24v24H0V0z"
              fill="none"
            />
            <path
              d="M9.4 16.6L4.8 12l4.6-4.6L8 6l-6 6 6 6 1.4-1.4zm5.2 0l4.6-4.6-4.6-4.6L16 6l6 6-6 6-1.4-1.4z"
            />
          </svg>
        </a>
      </div>
    </div>
    <div
      className="Output-root-1"
    >
      <form
        autoComplete="off"
        className="Picker-root-16"
      >
        <div
          className="MuiFormControl-root-17"
        >
          <label
            className="MuiFormLabel-root-32 MuiFormLabel-filled-36 MuiInputLabel-root-21 MuiInputLabel-formControl-26 MuiInputLabel-animated-29 MuiInputLabel-shrink-28"
            data-shrink={true}
          >
            Test
          </label>
          <div
            className="MuiInputBase-root-59 MuiInput-root-46 MuiInput-underline-50 MuiInputBase-formControl-60 MuiInput-formControl-47"
            onClick={[Function]}
          >
            <div
              className="MuiSelect-root-39"
            >
              <div
                aria-haspopup="true"
                aria-pressed="false"
                className="MuiSelect-select-40 MuiSelect-selectMenu-43 MuiInputBase-input-69 MuiInput-input-54"
                id="select-test"
                onBlur={[Function]}
                onClick={[Function]}
                onFocus={[Function]}
                onKeyDown={[Function]}
                role="button"
                tabIndex={0}
              >
                Warm load time
              </div>
              <input
                name="test"
                type="hidden"
                value="warm-loadtime"
              />
              <svg
                aria-hidden="true"
                className="MuiSvgIcon-root-7 MuiSelect-icon-45"
                focusable="false"
                role="presentation"
                viewBox="0 0 24 24"
              >
                <path
                  d="M7 10l5 5 5-5z"
                />
              </svg>
            </div>
          </div>
        </div>
      </form>
      <form
        autoComplete="off"
        className="Picker-root-16"
      >
        <div
          className="MuiFormControl-root-17"
        >
          <label
            className="MuiFormLabel-root-32 MuiFormLabel-filled-36 MuiInputLabel-root-21 MuiInputLabel-formControl-26 MuiInputLabel-animated-29 MuiInputLabel-shrink-28"
            data-shrink={true}
          >
            Bits
          </label>
          <div
            className="MuiInputBase-root-59 MuiInput-root-46 MuiInput-underline-50 MuiInputBase-formControl-60 MuiInput-formControl-47"
            onClick={[Function]}
          >
            <div
              className="MuiSelect-root-39"
            >
              <div
                aria-haspopup="true"
                aria-pressed="false"
                className="MuiSelect-select-40 MuiSelect-selectMenu-43 MuiInputBase-input-69 MuiInput-input-54"
                id="select-bits"
                onBlur={[Function]}
                onClick={[Function]}
                onFocus={[Function]}
                onKeyDown={[Function]}
                role="button"
                tabIndex={0}
              >
                64 bits
              </div>
              <input
                name="bits"
                type="hidden"
                value={64}
              />
              <svg
                aria-hidden="true"
                className="MuiSvgIcon-root-7 MuiSelect-icon-45"
                focusable="false"
                role="presentation"
                viewBox="0 0 24 24"
              >
                <path
                  d="M7 10l5 5 5-5z"
                />
              </svg>
            </div>
          </div>
        </div>
      </form>
      <form
        autoComplete="off"
        className="DurationPickerPre-root-80"
        style={
          Object {
            "width": "8rem",
          }
        }
      >
        <label
          className="MuiFormLabel-root-32 MuiInputLabel-root-21 MuiInputLabel-animated-29 DurationPickerPre-label-81"
          htmlFor="past"
        >
          Show past
        </label>
        <div
          className="DurationPickerPre-value-82"
        >
          month
        </div>
        <div
          aria-orientation="horizontal"
          aria-valuemax={6}
          aria-valuemin={0}
          aria-valuenow={4}
          className="MuiSlider-root-84"
          onClick={[Function]}
          onMouseDown={[Function]}
          onTouchMove={[Function]}
          onTouchStartCapture={[Function]}
          role="slider"
        >
          <div
            className="MuiSlider-container-85"
          >
            <div
              className="MuiSlider-track-86 MuiSlider-trackBefore-87"
              style={
                Object {
                  "transform": "translateY(-50%) scaleX(0.6666666666666667)",
                }
              }
            />
            <div
              className="MuiSlider-thumbWrapper-89"
              style={
                Object {
                  "transform": "translateX(66.66666666666667%)",
                }
              }
            >
              <button
                className="MuiButtonBase-root-98 MuiSlider-thumb-90"
                onBlur={[Function]}
                onContextMenu={[Function]}
                onFocus={[Function]}
                onKeyDown={[Function]}
                onKeyUp={[Function]}
                onMouseDown={[Function]}
                onMouseLeave={[Function]}
                onMouseUp={[Function]}
                onTouchEnd={[Function]}
                onTouchMove={[Function]}
                onTouchStart={[Function]}
                onTouchStartCapture={[Function]}
                tabIndex="0"
                type="button"
              />
            </div>
            <div
              className="MuiSlider-track-86 MuiSlider-trackAfter-88"
              style={
                Object {
                  "transform": "translateY(-50%) scaleX(0.33333333333333326)",
                }
              }
            />
          </div>
        </div>
      </form>
      <form
        autoComplete="off"
        className="TimePicker-root-101"
      >
        <div
          className="MuiFormControl-root-17"
        >
          <label
            className="MuiFormLabel-root-32 MuiFormLabel-filled-36 MuiInputLabel-root-21 MuiInputLabel-formControl-26 MuiInputLabel-animated-29 MuiInputLabel-shrink-28"
            data-shrink={true}
          >
            Ending
          </label>
          <div
            className="MuiInputBase-root-59 MuiInput-root-46 MuiInput-underline-50 MuiInputBase-formControl-60 MuiInput-formControl-47"
            onClick={[Function]}
          >
            <div
              className="MuiSelect-root-39"
            >
              <div
                aria-haspopup="true"
                aria-pressed="false"
                className="MuiSelect-select-40 MuiSelect-selectMenu-43 MuiInputBase-input-69 MuiInput-input-54"
                id="select-ending"
                onBlur={[Function]}
                onClick={[Function]}
                onFocus={[Function]}
                onKeyDown={[Function]}
                role="button"
                tabIndex={0}
              >
                Today
              </div>
              <input
                name="ending"
                type="hidden"
                value="2019-06-28"
              />
              <svg
                aria-hidden="true"
                className="MuiSvgIcon-root-7 MuiSelect-icon-45"
                focusable="false"
                role="presentation"
                viewBox="0 0 24 24"
              >
                <path
                  d="M7 10l5 5 5-5z"
                />
              </svg>
            </div>
          </div>
        </div>
      </form>
    </div>
    <div
      className="MuiGrid-container-102 MuiGrid-spacing-xs-24-126"
    >
      <div
        className="MuiGrid-item-103 MuiGrid-grid-xs-6-136 TP6-chart-3"
      >
        <div
          style={
            Object {
              "position": "relative",
            }
          }
        >
          <div
            className="ChartJsWrapper-chartContainer-200"
          >
            <h2
              className="ChartJsWrapper-title-201"
            >
              <div>
                Tp6: Amazon
              </div>
            </h2>
            <div
              style={
                Object {
                  "height": 80,
                  "lineHeight": "100%",
                  "textAlign": "center",
                  "width": "100%",
                }
              }
            >
              <div
                className="MuiCircularProgress-root-203 MuiCircularProgress-colorPrimary-206 MuiCircularProgress-indeterminate-205"
                role="progressbar"
                style={
                  Object {
                    "height": 40,
                    "width": 40,
                  }
                }
              >
                <svg
                  className="MuiCircularProgress-svg-208"
                  viewBox="22 22 44 44"
                >
                  <circle
                    className="MuiCircularProgress-circle-209 MuiCircularProgress-circleIndeterminate-211"
                    cx={44}
                    cy={44}
                    fill="none"
                    r={20.2}
                    strokeWidth={3.6}
                    style={Object {}}
                  />
                </svg>
              </div>
            </div>
          </div>
        </div>
      </div>
      <div
        className="MuiGrid-item-103 MuiGrid-grid-xs-6-136 TP6-chart-3"
      >
        <div
          style={
            Object {
              "position": "relative",
            }
          }
        >
          <div
            className="ChartJsWrapper-chartContainer-200"
          >
            <h2
              className="ChartJsWrapper-title-201"
            >
              <div>
                Tp6: Apple
              </div>
            </h2>
            <div
              style={
                Object {
                  "height": 80,
                  "lineHeight": "100%",
                  "textAlign": "center",
                  "width": "100%",
                }
              }
            >
              <div
                className="MuiCircularProgress-root-203 MuiCircularProgress-colorPrimary-206 MuiCircularProgress-indeterminate-205"
                role="progressbar"
                style={
                  Object {
                    "height": 40,
                    "width": 40,
                  }
                }
              >
                <svg
                  className="MuiCircularProgress-svg-208"
                  viewBox="22 22 44 44"
                >
                  <circle
                    className="MuiCircularProgress-circle-209 MuiCircularProgress-circleIndeterminate-211"
                    cx={44}
                    cy={44}
                    fill="none"
                    r={20.2}
                    strokeWidth={3.6}
                    style={Object {}}
                  />
                </svg>
              </div>
            </div>
          </div>
        </div>
      </div>
      <div
        className="MuiGrid-item-103 MuiGrid-grid-xs-6-136 TP6-chart-3"
      >
        <div
          style={
            Object {
              "position": "relative",
            }
          }
        >
          <div
            className="ChartJsWrapper-chartContainer-200"
          >
            <h2
              className="ChartJsWrapper-title-201"
            >
              <div>
                Tp6: Bing
              </div>
            </h2>
            <div
              style={
                Object {
                  "height": 80,
                  "lineHeight": "100%",
                  "textAlign": "center",
                  "width": "100%",
                }
              }
            >
              <div
                className="MuiCircularProgress-root-203 MuiCircularProgress-colorPrimary-206 MuiCircularProgress-indeterminate-205"
                role="progressbar"
                style={
                  Object {
                    "height": 40,
                    "width": 40,
                  }
                }
              >
                <svg
                  className="MuiCircularProgress-svg-208"
                  viewBox="22 22 44 44"
                >
                  <circle
                    className="MuiCircularProgress-circle-209 MuiCircularProgress-circleIndeterminate-211"
                    cx={44}
                    cy={44}
                    fill="none"
                    r={20.2}
                    strokeWidth={3.6}
                    style={Object {}}
                  />
                </svg>
              </div>
            </div>
          </div>
        </div>
      </div>
      <div
        className="MuiGrid-item-103 MuiGrid-grid-xs-6-136 TP6-chart-3"
      >
        <div
          style={
            Object {
              "position": "relative",
            }
          }
        >
          <div
            className="ChartJsWrapper-chartContainer-200"
          >
            <h2
              className="ChartJsWrapper-title-201"
            >
              <div>
                Tp6: Docs
              </div>
            </h2>
            <div
              style={
                Object {
                  "height": 80,
                  "lineHeight": "100%",
                  "textAlign": "center",
                  "width": "100%",
                }
              }
            >
              <div
                className="MuiCircularProgress-root-203 MuiCircularProgress-colorPrimary-206 MuiCircularProgress-indeterminate-205"
                role="progressbar"
                style={
                  Object {
                    "height": 40,
                    "width": 40,
                  }
                }
              >
                <svg
                  className="MuiCircularProgress-svg-208"
                  viewBox="22 22 44 44"
                >
                  <circle
                    className="MuiCircularProgress-circle-209 MuiCircularProgress-circleIndeterminate-211"
                    cx={44}
                    cy={44}
                    fill="none"
                    r={20.2}
                    strokeWidth={3.6}
                    style={Object {}}
                  />
                </svg>
              </div>
            </div>
          </div>
        </div>
      </div>
      <div
        className="MuiGrid-item-103 MuiGrid-grid-xs-6-136 TP6-chart-3"
      >
        <div
          style={
            Object {
              "position": "relative",
            }
          }
        >
          <div
            className="ChartJsWrapper-chartContainer-200"
          >
            <h2
              className="ChartJsWrapper-title-201"
            >
              <div>
                Tp6: Facebook
              </div>
            </h2>
            <div
              style={
                Object {
                  "height": 80,
                  "lineHeight": "100%",
                  "textAlign": "center",
                  "width": "100%",
                }
              }
            >
              <div
                className="MuiCircularProgress-root-203 MuiCircularProgress-colorPrimary-206 MuiCircularProgress-indeterminate-205"
                role="progressbar"
                style={
                  Object {
                    "height": 40,
                    "width": 40,
                  }
                }
              >
                <svg
                  className="MuiCircularProgress-svg-208"
                  viewBox="22 22 44 44"
                >
                  <circle
                    className="MuiCircularProgress-circle-209 MuiCircularProgress-circleIndeterminate-211"
                    cx={44}
                    cy={44}
                    fill="none"
                    r={20.2}
                    strokeWidth={3.6}
                    style={Object {}}
                  />
                </svg>
              </div>
            </div>
          </div>
        </div>
      </div>
      <div
        className="MuiGrid-item-103 MuiGrid-grid-xs-6-136 TP6-chart-3"
      >
        <div
          style={
            Object {
              "position": "relative",
            }
          }
        >
          <div
            className="ChartJsWrapper-chartContainer-200"
          >
            <h2
              className="ChartJsWrapper-title-201"
            >
              <div>
                Tp6: Google
              </div>
            </h2>
            <div
              style={
                Object {
                  "height": 80,
                  "lineHeight": "100%",
                  "textAlign": "center",
                  "width": "100%",
                }
              }
            >
              <div
                className="MuiCircularProgress-root-203 MuiCircularProgress-colorPrimary-206 MuiCircularProgress-indeterminate-205"
                role="progressbar"
                style={
                  Object {
                    "height": 40,
                    "width": 40,
                  }
                }
              >
                <svg
                  className="MuiCircularProgress-svg-208"
                  viewBox="22 22 44 44"
                >
                  <circle
                    className="MuiCircularProgress-circle-209 MuiCircularProgress-circleIndeterminate-211"
                    cx={44}
                    cy={44}
                    fill="none"
                    r={20.2}
                    strokeWidth={3.6}
                    style={Object {}}
                  />
                </svg>
              </div>
            </div>
          </div>
        </div>
      </div>
      <div
        className="MuiGrid-item-103 MuiGrid-grid-xs-6-136 TP6-chart-3"
      >
        <div
          style={
            Object {
              "position": "relative",
            }
          }
        >
          <div
            className="ChartJsWrapper-chartContainer-200"
          >
            <h2
              className="ChartJsWrapper-title-201"
            >
              <div>
                Tp6: Google Mail
              </div>
            </h2>
            <div
              style={
                Object {
                  "height": 80,
                  "lineHeight": "100%",
                  "textAlign": "center",
                  "width": "100%",
                }
              }
            >
              <div
                className="MuiCircularProgress-root-203 MuiCircularProgress-colorPrimary-206 MuiCircularProgress-indeterminate-205"
                role="progressbar"
                style={
                  Object {
                    "height": 40,
                    "width": 40,
                  }
                }
              >
                <svg
                  className="MuiCircularProgress-svg-208"
                  viewBox="22 22 44 44"
                >
                  <circle
                    className="MuiCircularProgress-circle-209 MuiCircularProgress-circleIndeterminate-211"
                    cx={44}
                    cy={44}
                    fill="none"
                    r={20.2}
                    strokeWidth={3.6}
                    style={Object {}}
                  />
                </svg>
              </div>
            </div>
          </div>
        </div>
      </div>
      <div
        className="MuiGrid-item-103 MuiGrid-grid-xs-6-136 TP6-chart-3"
      >
        <div
          style={
            Object {
              "position": "relative",
            }
          }
        >
          <div
            className="ChartJsWrapper-chartContainer-200"
          >
            <h2
              className="ChartJsWrapper-title-201"
            >
              <div>
                Tp6: Imdb
              </div>
            </h2>
            <div
              style={
                Object {
                  "height": 80,
                  "lineHeight": "100%",
                  "textAlign": "center",
                  "width": "100%",
                }
              }
            >
              <div
                className="MuiCircularProgress-root-203 MuiCircularProgress-colorPrimary-206 MuiCircularProgress-indeterminate-205"
                role="progressbar"
                style={
                  Object {
                    "height": 40,
                    "width": 40,
                  }
                }
              >
                <svg
                  className="MuiCircularProgress-svg-208"
                  viewBox="22 22 44 44"
                >
                  <circle
                    className="MuiCircularProgress-circle-209 MuiCircularProgress-circleIndeterminate-211"
                    cx={44}
                    cy={44}
                    fill="none"
                    r={20.2}
                    strokeWidth={3.6}
                    style={Object {}}
                  />
                </svg>
              </div>
            </div>
          </div>
        </div>
      </div>
      <div
        className="MuiGrid-item-103 MuiGrid-grid-xs-6-136 TP6-chart-3"
      >
        <div
          style={
            Object {
              "position": "relative",
            }
          }
        >
          <div
            className="ChartJsWrapper-chartContainer-200"
          >
            <h2
              className="ChartJsWrapper-title-201"
            >
              <div>
                Tp6: Imgur
              </div>
            </h2>
            <div
              style={
                Object {
                  "height": 80,
                  "lineHeight": "100%",
                  "textAlign": "center",
                  "width": "100%",
                }
              }
            >
              <div
                className="MuiCircularProgress-root-203 MuiCircularProgress-colorPrimary-206 MuiCircularProgress-indeterminate-205"
                role="progressbar"
                style={
                  Object {
                    "height": 40,
                    "width": 40,
                  }
                }
              >
                <svg
                  className="MuiCircularProgress-svg-208"
                  viewBox="22 22 44 44"
                >
                  <circle
                    className="MuiCircularProgress-circle-209 MuiCircularProgress-circleIndeterminate-211"
                    cx={44}
                    cy={44}
                    fill="none"
                    r={20.2}
                    strokeWidth={3.6}
                    style={Object {}}
                  />
                </svg>
              </div>
            </div>
          </div>
        </div>
      </div>
      <div
        className="MuiGrid-item-103 MuiGrid-grid-xs-6-136 TP6-chart-3"
      >
        <div
          style={
            Object {
              "position": "relative",
            }
          }
        >
          <div
            className="ChartJsWrapper-chartContainer-200"
          >
            <h2
              className="ChartJsWrapper-title-201"
            >
              <div>
                Tp6: Instagram
              </div>
            </h2>
            <div
              style={
                Object {
                  "height": 80,
                  "lineHeight": "100%",
                  "textAlign": "center",
                  "width": "100%",
                }
              }
            >
              <div
                className="MuiCircularProgress-root-203 MuiCircularProgress-colorPrimary-206 MuiCircularProgress-indeterminate-205"
                role="progressbar"
                style={
                  Object {
                    "height": 40,
                    "width": 40,
                  }
                }
              >
                <svg
                  className="MuiCircularProgress-svg-208"
                  viewBox="22 22 44 44"
                >
                  <circle
                    className="MuiCircularProgress-circle-209 MuiCircularProgress-circleIndeterminate-211"
                    cx={44}
                    cy={44}
                    fill="none"
                    r={20.2}
                    strokeWidth={3.6}
                    style={Object {}}
                  />
                </svg>
              </div>
            </div>
          </div>
        </div>
      </div>
      <div
        className="MuiGrid-item-103 MuiGrid-grid-xs-6-136 TP6-chart-3"
      >
        <div
          style={
            Object {
              "position": "relative",
            }
          }
        >
          <div
            className="ChartJsWrapper-chartContainer-200"
          >
            <h2
              className="ChartJsWrapper-title-201"
            >
              <div>
                Tp6: Instagram (binast)
              </div>
            </h2>
            <div
              style={
                Object {
                  "height": 80,
                  "lineHeight": "100%",
                  "textAlign": "center",
                  "width": "100%",
                }
              }
            >
              <div
                className="MuiCircularProgress-root-203 MuiCircularProgress-colorPrimary-206 MuiCircularProgress-indeterminate-205"
                role="progressbar"
                style={
                  Object {
                    "height": 40,
                    "width": 40,
                  }
                }
              >
                <svg
                  className="MuiCircularProgress-svg-208"
                  viewBox="22 22 44 44"
                >
                  <circle
                    className="MuiCircularProgress-circle-209 MuiCircularProgress-circleIndeterminate-211"
                    cx={44}
                    cy={44}
                    fill="none"
                    r={20.2}
                    strokeWidth={3.6}
                    style={Object {}}
                  />
                </svg>
              </div>
            </div>
          </div>
        </div>
      </div>
      <div
        className="MuiGrid-item-103 MuiGrid-grid-xs-6-136 TP6-chart-3"
      >
        <div
          style={
            Object {
              "position": "relative",
            }
          }
        >
          <div
            className="ChartJsWrapper-chartContainer-200"
          >
            <h2
              className="ChartJsWrapper-title-201"
            >
              <div>
                Tp6: LinkedIn
              </div>
            </h2>
            <div
              style={
                Object {
                  "height": 80,
                  "lineHeight": "100%",
                  "textAlign": "center",
                  "width": "100%",
                }
              }
            >
              <div
                className="MuiCircularProgress-root-203 MuiCircularProgress-colorPrimary-206 MuiCircularProgress-indeterminate-205"
                role="progressbar"
                style={
                  Object {
                    "height": 40,
                    "width": 40,
                  }
                }
              >
                <svg
                  className="MuiCircularProgress-svg-208"
                  viewBox="22 22 44 44"
                >
                  <circle
                    className="MuiCircularProgress-circle-209 MuiCircularProgress-circleIndeterminate-211"
                    cx={44}
                    cy={44}
                    fill="none"
                    r={20.2}
                    strokeWidth={3.6}
                    style={Object {}}
                  />
                </svg>
              </div>
            </div>
          </div>
        </div>
      </div>
      <div
        className="MuiGrid-item-103 MuiGrid-grid-xs-6-136 TP6-chart-3"
      >
        <div
          style={
            Object {
              "position": "relative",
            }
          }
        >
          <div
            className="ChartJsWrapper-chartContainer-200"
          >
            <h2
              className="ChartJsWrapper-title-201"
            >
              <div>
                Tp6: Microsoft
              </div>
            </h2>
            <div
              style={
                Object {
                  "height": 80,
                  "lineHeight": "100%",
                  "textAlign": "center",
                  "width": "100%",
                }
              }
            >
              <div
                className="MuiCircularProgress-root-203 MuiCircularProgress-colorPrimary-206 MuiCircularProgress-indeterminate-205"
                role="progressbar"
                style={
                  Object {
                    "height": 40,
                    "width": 40,
                  }
                }
              >
                <svg
                  className="MuiCircularProgress-svg-208"
                  viewBox="22 22 44 44"
                >
                  <circle
                    className="MuiCircularProgress-circle-209 MuiCircularProgress-circleIndeterminate-211"
                    cx={44}
                    cy={44}
                    fill="none"
                    r={20.2}
                    strokeWidth={3.6}
                    style={Object {}}
                  />
                </svg>
              </div>
            </div>
          </div>
        </div>
      </div>
      <div
        className="MuiGrid-item-103 MuiGrid-grid-xs-6-136 TP6-chart-3"
      >
        <div
          style={
            Object {
              "position": "relative",
            }
          }
        >
          <div
            className="ChartJsWrapper-chartContainer-200"
          >
            <h2
              className="ChartJsWrapper-title-201"
            >
              <div>
                Tp6: Office
              </div>
            </h2>
            <div
              style={
                Object {
                  "height": 80,
                  "lineHeight": "100%",
                  "textAlign": "center",
                  "width": "100%",
                }
              }
            >
              <div
                className="MuiCircularProgress-root-203 MuiCircularProgress-colorPrimary-206 MuiCircularProgress-indeterminate-205"
                role="progressbar"
                style={
                  Object {
                    "height": 40,
                    "width": 40,
                  }
                }
              >
                <svg
                  className="MuiCircularProgress-svg-208"
                  viewBox="22 22 44 44"
                >
                  <circle
                    className="MuiCircularProgress-circle-209 MuiCircularProgress-circleIndeterminate-211"
                    cx={44}
                    cy={44}
                    fill="none"
                    r={20.2}
                    strokeWidth={3.6}
                    style={Object {}}
                  />
                </svg>
              </div>
            </div>
          </div>
        </div>
      </div>
      <div
        className="MuiGrid-item-103 MuiGrid-grid-xs-6-136 TP6-chart-3"
      >
        <div
          style={
            Object {
              "position": "relative",
            }
          }
        >
          <div
            className="ChartJsWrapper-chartContainer-200"
          >
            <h2
              className="ChartJsWrapper-title-201"
            >
              <div>
                Tp6: Outlook
              </div>
            </h2>
            <div
              style={
                Object {
                  "height": 80,
                  "lineHeight": "100%",
                  "textAlign": "center",
                  "width": "100%",
                }
              }
            >
              <div
                className="MuiCircularProgress-root-203 MuiCircularProgress-colorPrimary-206 MuiCircularProgress-indeterminate-205"
                role="progressbar"
                style={
                  Object {
                    "height": 40,
                    "width": 40,
                  }
                }
              >
                <svg
                  className="MuiCircularProgress-svg-208"
                  viewBox="22 22 44 44"
                >
                  <circle
                    className="MuiCircularProgress-circle-209 MuiCircularProgress-circleIndeterminate-211"
                    cx={44}
                    cy={44}
                    fill="none"
                    r={20.2}
                    strokeWidth={3.6}
                    style={Object {}}
                  />
                </svg>
              </div>
            </div>
          </div>
        </div>
      </div>
      <div
        className="MuiGrid-item-103 MuiGrid-grid-xs-6-136 TP6-chart-3"
      >
        <div
          style={
            Object {
              "position": "relative",
            }
          }
        >
          <div
            className="ChartJsWrapper-chartContainer-200"
          >
            <h2
              className="ChartJsWrapper-title-201"
            >
              <div>
                Tp6: PayPal
              </div>
            </h2>
            <div
              style={
                Object {
                  "height": 80,
                  "lineHeight": "100%",
                  "textAlign": "center",
                  "width": "100%",
                }
              }
            >
              <div
                className="MuiCircularProgress-root-203 MuiCircularProgress-colorPrimary-206 MuiCircularProgress-indeterminate-205"
                role="progressbar"
                style={
                  Object {
                    "height": 40,
                    "width": 40,
                  }
                }
              >
                <svg
                  className="MuiCircularProgress-svg-208"
                  viewBox="22 22 44 44"
                >
                  <circle
                    className="MuiCircularProgress-circle-209 MuiCircularProgress-circleIndeterminate-211"
                    cx={44}
                    cy={44}
                    fill="none"
                    r={20.2}
                    strokeWidth={3.6}
                    style={Object {}}
                  />
                </svg>
              </div>
            </div>
          </div>
        </div>
      </div>
      <div
        className="MuiGrid-item-103 MuiGrid-grid-xs-6-136 TP6-chart-3"
      >
        <div
          style={
            Object {
              "position": "relative",
            }
          }
        >
          <div
            className="ChartJsWrapper-chartContainer-200"
          >
            <h2
              className="ChartJsWrapper-title-201"
            >
              <div>
                Tp6: Pinterest
              </div>
            </h2>
            <div
              style={
                Object {
                  "height": 80,
                  "lineHeight": "100%",
                  "textAlign": "center",
                  "width": "100%",
                }
              }
            >
              <div
                className="MuiCircularProgress-root-203 MuiCircularProgress-colorPrimary-206 MuiCircularProgress-indeterminate-205"
                role="progressbar"
                style={
                  Object {
                    "height": 40,
                    "width": 40,
                  }
                }
              >
                <svg
                  className="MuiCircularProgress-svg-208"
                  viewBox="22 22 44 44"
                >
                  <circle
                    className="MuiCircularProgress-circle-209 MuiCircularProgress-circleIndeterminate-211"
                    cx={44}
                    cy={44}
                    fill="none"
                    r={20.2}
                    strokeWidth={3.6}
                    style={Object {}}
                  />
                </svg>
              </div>
            </div>
          </div>
        </div>
      </div>
      <div
        className="MuiGrid-item-103 MuiGrid-grid-xs-6-136 TP6-chart-3"
      >
        <div
          style={
            Object {
              "position": "relative",
            }
          }
        >
          <div
            className="ChartJsWrapper-chartContainer-200"
          >
            <h2
              className="ChartJsWrapper-title-201"
            >
              <div>
                Tp6: Reddit
              </div>
            </h2>
            <div
              style={
                Object {
                  "height": 80,
                  "lineHeight": "100%",
                  "textAlign": "center",
                  "width": "100%",
                }
              }
            >
              <div
                className="MuiCircularProgress-root-203 MuiCircularProgress-colorPrimary-206 MuiCircularProgress-indeterminate-205"
                role="progressbar"
                style={
                  Object {
                    "height": 40,
                    "width": 40,
                  }
                }
              >
                <svg
                  className="MuiCircularProgress-svg-208"
                  viewBox="22 22 44 44"
                >
                  <circle
                    className="MuiCircularProgress-circle-209 MuiCircularProgress-circleIndeterminate-211"
                    cx={44}
                    cy={44}
                    fill="none"
                    r={20.2}
                    strokeWidth={3.6}
                    style={Object {}}
                  />
                </svg>
              </div>
            </div>
          </div>
        </div>
      </div>
      <div
        className="MuiGrid-item-103 MuiGrid-grid-xs-6-136 TP6-chart-3"
      >
        <div
          style={
            Object {
              "position": "relative",
            }
          }
        >
          <div
            className="ChartJsWrapper-chartContainer-200"
          >
            <h2
              className="ChartJsWrapper-title-201"
            >
              <div>
                Tp6: Sheets
              </div>
            </h2>
            <div
              style={
                Object {
                  "height": 80,
                  "lineHeight": "100%",
                  "textAlign": "center",
                  "width": "100%",
                }
              }
            >
              <div
                className="MuiCircularProgress-root-203 MuiCircularProgress-colorPrimary-206 MuiCircularProgress-indeterminate-205"
                role="progressbar"
                style={
                  Object {
                    "height": 40,
                    "width": 40,
                  }
                }
              >
                <svg
                  className="MuiCircularProgress-svg-208"
                  viewBox="22 22 44 44"
                >
                  <circle
                    className="MuiCircularProgress-circle-209 MuiCircularProgress-circleIndeterminate-211"
                    cx={44}
                    cy={44}
                    fill="none"
                    r={20.2}
                    strokeWidth={3.6}
                    style={Object {}}
                  />
                </svg>
              </div>
            </div>
          </div>
        </div>
      </div>
      <div
        className="MuiGrid-item-103 MuiGrid-grid-xs-6-136 TP6-chart-3"
      >
        <div
          style={
            Object {
              "position": "relative",
            }
          }
        >
          <div
            className="ChartJsWrapper-chartContainer-200"
          >
            <h2
              className="ChartJsWrapper-title-201"
            >
              <div>
                Tp6: Slides
              </div>
            </h2>
            <div
              style={
                Object {
                  "height": 80,
                  "lineHeight": "100%",
                  "textAlign": "center",
                  "width": "100%",
                }
              }
            >
              <div
                className="MuiCircularProgress-root-203 MuiCircularProgress-colorPrimary-206 MuiCircularProgress-indeterminate-205"
                role="progressbar"
                style={
                  Object {
                    "height": 40,
                    "width": 40,
                  }
                }
              >
                <svg
                  className="MuiCircularProgress-svg-208"
                  viewBox="22 22 44 44"
                >
                  <circle
                    className="MuiCircularProgress-circle-209 MuiCircularProgress-circleIndeterminate-211"
                    cx={44}
                    cy={44}
                    fill="none"
                    r={20.2}
                    strokeWidth={3.6}
                    style={Object {}}
                  />
                </svg>
              </div>
            </div>
          </div>
        </div>
      </div>
      <div
        className="MuiGrid-item-103 MuiGrid-grid-xs-6-136 TP6-chart-3"
      >
        <div
          style={
            Object {
              "position": "relative",
            }
          }
        >
          <div
            className="ChartJsWrapper-chartContainer-200"
          >
            <h2
              className="ChartJsWrapper-title-201"
            >
              <div>
                Tp6: Tumblr
              </div>
            </h2>
            <div
              style={
                Object {
                  "height": 80,
                  "lineHeight": "100%",
                  "textAlign": "center",
                  "width": "100%",
                }
              }
            >
              <div
                className="MuiCircularProgress-root-203 MuiCircularProgress-colorPrimary-206 MuiCircularProgress-indeterminate-205"
                role="progressbar"
                style={
                  Object {
                    "height": 40,
                    "width": 40,
                  }
                }
              >
                <svg
                  className="MuiCircularProgress-svg-208"
                  viewBox="22 22 44 44"
                >
                  <circle
                    className="MuiCircularProgress-circle-209 MuiCircularProgress-circleIndeterminate-211"
                    cx={44}
                    cy={44}
                    fill="none"
                    r={20.2}
                    strokeWidth={3.6}
                    style={Object {}}
                  />
                </svg>
              </div>
            </div>
          </div>
        </div>
      </div>
      <div
        className="MuiGrid-item-103 MuiGrid-grid-xs-6-136 TP6-chart-3"
      >
        <div
          style={
            Object {
              "position": "relative",
            }
          }
        >
          <div
            className="ChartJsWrapper-chartContainer-200"
          >
            <h2
              className="ChartJsWrapper-title-201"
            >
              <div>
                Tp6: Twiter
              </div>
            </h2>
            <div
              style={
                Object {
                  "height": 80,
                  "lineHeight": "100%",
                  "textAlign": "center",
                  "width": "100%",
                }
              }
            >
              <div
                className="MuiCircularProgress-root-203 MuiCircularProgress-colorPrimary-206 MuiCircularProgress-indeterminate-205"
                role="progressbar"
                style={
                  Object {
                    "height": 40,
                    "width": 40,
                  }
                }
              >
                <svg
                  className="MuiCircularProgress-svg-208"
                  viewBox="22 22 44 44"
                >
                  <circle
                    className="MuiCircularProgress-circle-209 MuiCircularProgress-circleIndeterminate-211"
                    cx={44}
                    cy={44}
                    fill="none"
                    r={20.2}
                    strokeWidth={3.6}
                    style={Object {}}
                  />
                </svg>
              </div>
            </div>
          </div>
        </div>
      </div>
      <div
        className="MuiGrid-item-103 MuiGrid-grid-xs-6-136 TP6-chart-3"
      >
        <div
          style={
            Object {
              "position": "relative",
            }
          }
        >
          <div
            className="ChartJsWrapper-chartContainer-200"
          >
            <h2
              className="ChartJsWrapper-title-201"
            >
              <div>
                Tp6: Twitter
              </div>
            </h2>
            <div
              style={
                Object {
                  "height": 80,
                  "lineHeight": "100%",
                  "textAlign": "center",
                  "width": "100%",
                }
              }
            >
              <div
                className="MuiCircularProgress-root-203 MuiCircularProgress-colorPrimary-206 MuiCircularProgress-indeterminate-205"
                role="progressbar"
                style={
                  Object {
                    "height": 40,
                    "width": 40,
                  }
                }
              >
                <svg
                  className="MuiCircularProgress-svg-208"
                  viewBox="22 22 44 44"
                >
                  <circle
                    className="MuiCircularProgress-circle-209 MuiCircularProgress-circleIndeterminate-211"
                    cx={44}
                    cy={44}
                    fill="none"
                    r={20.2}
                    strokeWidth={3.6}
                    style={Object {}}
                  />
                </svg>
              </div>
            </div>
          </div>
        </div>
      </div>
      <div
        className="MuiGrid-item-103 MuiGrid-grid-xs-6-136 TP6-chart-3"
      >
        <div
          style={
            Object {
              "position": "relative",
            }
          }
        >
          <div
            className="ChartJsWrapper-chartContainer-200"
          >
            <h2
              className="ChartJsWrapper-title-201"
            >
              <div>
                Tp6: Wikia
              </div>
            </h2>
            <div
              style={
                Object {
                  "height": 80,
                  "lineHeight": "100%",
                  "textAlign": "center",
                  "width": "100%",
                }
              }
            >
              <div
                className="MuiCircularProgress-root-203 MuiCircularProgress-colorPrimary-206 MuiCircularProgress-indeterminate-205"
                role="progressbar"
                style={
                  Object {
                    "height": 40,
                    "width": 40,
                  }
                }
              >
                <svg
                  className="MuiCircularProgress-svg-208"
                  viewBox="22 22 44 44"
                >
                  <circle
                    className="MuiCircularProgress-circle-209 MuiCircularProgress-circleIndeterminate-211"
                    cx={44}
                    cy={44}
                    fill="none"
                    r={20.2}
                    strokeWidth={3.6}
                    style={Object {}}
                  />
                </svg>
              </div>
            </div>
          </div>
        </div>
      </div>
      <div
        className="MuiGrid-item-103 MuiGrid-grid-xs-6-136 TP6-chart-3"
      >
        <div
          style={
            Object {
              "position": "relative",
            }
          }
        >
          <div
            className="ChartJsWrapper-chartContainer-200"
          >
            <h2
              className="ChartJsWrapper-title-201"
            >
              <div>
                Tp6: Wikipedia
              </div>
            </h2>
            <div
              style={
                Object {
                  "height": 80,
                  "lineHeight": "100%",
                  "textAlign": "center",
                  "width": "100%",
                }
              }
            >
              <div
                className="MuiCircularProgress-root-203 MuiCircularProgress-colorPrimary-206 MuiCircularProgress-indeterminate-205"
                role="progressbar"
                style={
                  Object {
                    "height": 40,
                    "width": 40,
                  }
                }
              >
                <svg
                  className="MuiCircularProgress-svg-208"
                  viewBox="22 22 44 44"
                >
                  <circle
                    className="MuiCircularProgress-circle-209 MuiCircularProgress-circleIndeterminate-211"
                    cx={44}
                    cy={44}
                    fill="none"
                    r={20.2}
                    strokeWidth={3.6}
                    style={Object {}}
                  />
                </svg>
              </div>
            </div>
          </div>
        </div>
      </div>
      <div
        className="MuiGrid-item-103 MuiGrid-grid-xs-6-136 TP6-chart-3"
      >
        <div
          style={
            Object {
              "position": "relative",
            }
          }
        >
          <div
            className="ChartJsWrapper-chartContainer-200"
          >
            <h2
              className="ChartJsWrapper-title-201"
            >
              <div>
                Tp6: Wikipedia 404-202
              </div>
            </h2>
            <div
              style={
                Object {
                  "height": 80,
                  "lineHeight": "100%",
                  "textAlign": "center",
                  "width": "100%",
                }
              }
            >
              <div
                className="MuiCircularProgress-root-203 MuiCircularProgress-colorPrimary-206 MuiCircularProgress-indeterminate-205"
                role="progressbar"
                style={
                  Object {
                    "height": 40,
                    "width": 40,
                  }
                }
              >
                <svg
                  className="MuiCircularProgress-svg-208"
                  viewBox="22 22 44 44"
                >
                  <circle
                    className="MuiCircularProgress-circle-209 MuiCircularProgress-circleIndeterminate-211"
                    cx={44}
                    cy={44}
                    fill="none"
                    r={20.2}
                    strokeWidth={3.6}
                    style={Object {}}
                  />
                </svg>
              </div>
            </div>
          </div>
        </div>
      </div>
      <div
        className="MuiGrid-item-103 MuiGrid-grid-xs-6-136 TP6-chart-3"
      >
        <div
          style={
            Object {
              "position": "relative",
            }
          }
        >
          <div
            className="ChartJsWrapper-chartContainer-200"
          >
            <h2
              className="ChartJsWrapper-title-201"
            >
              <div>
                Tp6: Wikipedia 404-404
              </div>
            </h2>
            <div
              style={
                Object {
                  "height": 80,
                  "lineHeight": "100%",
                  "textAlign": "center",
                  "width": "100%",
                }
              }
            >
              <div
                className="MuiCircularProgress-root-203 MuiCircularProgress-colorPrimary-206 MuiCircularProgress-indeterminate-205"
                role="progressbar"
                style={
                  Object {
                    "height": 40,
                    "width": 40,
                  }
                }
              >
                <svg
                  className="MuiCircularProgress-svg-208"
                  viewBox="22 22 44 44"
                >
                  <circle
                    className="MuiCircularProgress-circle-209 MuiCircularProgress-circleIndeterminate-211"
                    cx={44}
                    cy={44}
                    fill="none"
                    r={20.2}
                    strokeWidth={3.6}
                    style={Object {}}
                  />
                </svg>
              </div>
            </div>
          </div>
        </div>
      </div>
      <div
        className="MuiGrid-item-103 MuiGrid-grid-xs-6-136 TP6-chart-3"
      >
        <div
          style={
            Object {
              "position": "relative",
            }
          }
        >
          <div
            className="ChartJsWrapper-chartContainer-200"
          >
            <h2
              className="ChartJsWrapper-title-201"
            >
              <div>
                Tp6: Yahoo Mail
              </div>
            </h2>
            <div
              style={
                Object {
                  "height": 80,
                  "lineHeight": "100%",
                  "textAlign": "center",
                  "width": "100%",
                }
              }
            >
              <div
                className="MuiCircularProgress-root-203 MuiCircularProgress-colorPrimary-206 MuiCircularProgress-indeterminate-205"
                role="progressbar"
                style={
                  Object {
                    "height": 40,
                    "width": 40,
                  }
                }
              >
                <svg
                  className="MuiCircularProgress-svg-208"
                  viewBox="22 22 44 44"
                >
                  <circle
                    className="MuiCircularProgress-circle-209 MuiCircularProgress-circleIndeterminate-211"
                    cx={44}
                    cy={44}
                    fill="none"
                    r={20.2}
                    strokeWidth={3.6}
                    style={Object {}}
                  />
                </svg>
              </div>
            </div>
          </div>
        </div>
      </div>
      <div
        className="MuiGrid-item-103 MuiGrid-grid-xs-6-136 TP6-chart-3"
      >
        <div
          style={
            Object {
              "position": "relative",
            }
          }
        >
          <div
            className="ChartJsWrapper-chartContainer-200"
          >
            <h2
              className="ChartJsWrapper-title-201"
            >
              <div>
                Tp6: Yahoo News
              </div>
            </h2>
            <div
              style={
                Object {
                  "height": 80,
                  "lineHeight": "100%",
                  "textAlign": "center",
                  "width": "100%",
                }
              }
            >
              <div
                className="MuiCircularProgress-root-203 MuiCircularProgress-colorPrimary-206 MuiCircularProgress-indeterminate-205"
                role="progressbar"
                style={
                  Object {
                    "height": 40,
                    "width": 40,
                  }
                }
              >
                <svg
                  className="MuiCircularProgress-svg-208"
                  viewBox="22 22 44 44"
                >
                  <circle
                    className="MuiCircularProgress-circle-209 MuiCircularProgress-circleIndeterminate-211"
                    cx={44}
                    cy={44}
                    fill="none"
                    r={20.2}
                    strokeWidth={3.6}
                    style={Object {}}
                  />
                </svg>
              </div>
            </div>
          </div>
        </div>
      </div>
      <div
        className="MuiGrid-item-103 MuiGrid-grid-xs-6-136 TP6-chart-3"
      >
        <div
          style={
            Object {
              "position": "relative",
            }
          }
        >
          <div
            className="ChartJsWrapper-chartContainer-200"
          >
            <h2
              className="ChartJsWrapper-title-201"
            >
              <div>
                Tp6: Yandex
              </div>
            </h2>
            <div
              style={
                Object {
                  "height": 80,
                  "lineHeight": "100%",
                  "textAlign": "center",
                  "width": "100%",
                }
              }
            >
              <div
                className="MuiCircularProgress-root-203 MuiCircularProgress-colorPrimary-206 MuiCircularProgress-indeterminate-205"
                role="progressbar"
                style={
                  Object {
                    "height": 40,
                    "width": 40,
                  }
                }
              >
                <svg
                  className="MuiCircularProgress-svg-208"
                  viewBox="22 22 44 44"
                >
                  <circle
                    className="MuiCircularProgress-circle-209 MuiCircularProgress-circleIndeterminate-211"
                    cx={44}
                    cy={44}
                    fill="none"
                    r={20.2}
                    strokeWidth={3.6}
                    style={Object {}}
                  />
                </svg>
              </div>
            </div>
          </div>
        </div>
      </div>
      <div
        className="MuiGrid-item-103 MuiGrid-grid-xs-6-136 TP6-chart-3"
      >
        <div
          style={
            Object {
              "position": "relative",
            }
          }
        >
          <div
            className="ChartJsWrapper-chartContainer-200"
          >
            <h2
              className="ChartJsWrapper-title-201"
            >
              <div>
                Tp6: YouTube
              </div>
            </h2>
            <div
              style={
                Object {
                  "height": 80,
                  "lineHeight": "100%",
                  "textAlign": "center",
                  "width": "100%",
                }
              }
            >
              <div
                className="MuiCircularProgress-root-203 MuiCircularProgress-colorPrimary-206 MuiCircularProgress-indeterminate-205"
                role="progressbar"
                style={
                  Object {
                    "height": 40,
                    "width": 40,
                  }
                }
              >
                <svg
                  className="MuiCircularProgress-svg-208"
                  viewBox="22 22 44 44"
                >
                  <circle
                    className="MuiCircularProgress-circle-209 MuiCircularProgress-circleIndeterminate-211"
                    cx={44}
                    cy={44}
                    fill="none"
                    r={20.2}
                    strokeWidth={3.6}
                    style={Object {}}
                  />
                </svg>
              </div>
            </div>
          </div>
        </div>
      </div>
      <div
        className="MuiGrid-item-103 MuiGrid-grid-xs-6-136 TP6-chart-3"
      >
        <div
          style={
            Object {
              "position": "relative",
            }
          }
        >
          <div
            className="ChartJsWrapper-chartContainer-200"
          >
            <h2
              className="ChartJsWrapper-title-201"
            >
              <div>
                Tp6: eBay
              </div>
            </h2>
            <div
              style={
                Object {
                  "height": 80,
                  "lineHeight": "100%",
                  "textAlign": "center",
                  "width": "100%",
                }
              }
            >
              <div
                className="MuiCircularProgress-root-203 MuiCircularProgress-colorPrimary-206 MuiCircularProgress-indeterminate-205"
                role="progressbar"
                style={
                  Object {
                    "height": 40,
                    "width": 40,
                  }
                }
              >
                <svg
                  className="MuiCircularProgress-svg-208"
                  viewBox="22 22 44 44"
                >
                  <circle
                    className="MuiCircularProgress-circle-209 MuiCircularProgress-circleIndeterminate-211"
                    cx={44}
                    cy={44}
                    fill="none"
                    r={20.2}
                    strokeWidth={3.6}
                    style={Object {}}
                  />
                </svg>
              </div>
            </div>
          </div>
        </div>
      </div>
      <div
        className="MuiGrid-item-103 MuiGrid-grid-xs-6-136 TP6-chart-3"
      >
        <div
          style={
            Object {
              "position": "relative",
            }
          }
        >
          <div
            className="ChartJsWrapper-chartContainer-200"
          >
            <h2
              className="ChartJsWrapper-title-201"
            >
              <div>
                Tp6: eBay 404-202
              </div>
            </h2>
            <div
              style={
                Object {
                  "height": 80,
                  "lineHeight": "100%",
                  "textAlign": "center",
                  "width": "100%",
                }
              }
            >
              <div
                className="MuiCircularProgress-root-203 MuiCircularProgress-colorPrimary-206 MuiCircularProgress-indeterminate-205"
                role="progressbar"
                style={
                  Object {
                    "height": 40,
                    "width": 40,
                  }
                }
              >
                <svg
                  className="MuiCircularProgress-svg-208"
                  viewBox="22 22 44 44"
                >
                  <circle
                    className="MuiCircularProgress-circle-209 MuiCircularProgress-circleIndeterminate-211"
                    cx={44}
                    cy={44}
                    fill="none"
                    r={20.2}
                    strokeWidth={3.6}
                    style={Object {}}
                  />
                </svg>
              </div>
            </div>
          </div>
        </div>
      </div>
      <div
        className="MuiGrid-item-103 MuiGrid-grid-xs-6-136 TP6-chart-3"
      >
        <div
          style={
            Object {
              "position": "relative",
            }
          }
        >
          <div
            className="ChartJsWrapper-chartContainer-200"
          >
            <h2
              className="ChartJsWrapper-title-201"
            >
              <div>
                Tp6: eBay 404-404
              </div>
            </h2>
            <div
              style={
                Object {
                  "height": 80,
                  "lineHeight": "100%",
                  "textAlign": "center",
                  "width": "100%",
                }
              }
            >
              <div
                className="MuiCircularProgress-root-203 MuiCircularProgress-colorPrimary-206 MuiCircularProgress-indeterminate-205"
                role="progressbar"
                style={
                  Object {
                    "height": 40,
                    "width": 40,
                  }
                }
              >
                <svg
                  className="MuiCircularProgress-svg-208"
                  viewBox="22 22 44 44"
                >
                  <circle
                    className="MuiCircularProgress-circle-209 MuiCircularProgress-circleIndeterminate-211"
                    cx={44}
                    cy={44}
                    fill="none"
                    r={20.2}
                    strokeWidth={3.6}
                    style={Object {}}
                  />
                </svg>
              </div>
            </div>
          </div>
        </div>
      </div>
    </div>
  </div>
</div>
`;
