// Jest Snapshot v1, https://goo.gl/fbAQLP

exports[`renders correctly 1`] = `
<div
  className="DashboardPage-root-3"
>
  <div
    className="DashboardPage-title-4"
  >
    <h1
      style={
        Object {
          "display": "inline",
        }
      }
    >
      TP6 Mobile
      <small
        className="DashboardPage-subtitle-5"
      >
        Cold load time
      </small>
    </h1>
    <div
      style={
        Object {
          "float": "right",
          "padding": "0 1rem 0 0",
        }
      }
    >
      <a
        href="/"
        title="Home"
      >
        <svg
          aria-hidden="true"
          className="MuiSvgIcon-root-6"
          focusable="false"
          role="presentation"
          style={
            Object {
              "margin": "0 .2rem 0 .2rem",
              "verticalAlign": "baseline",
            }
          }
          viewBox="0 0 24 24"
        >
          <path
            d="M10 20v-6h4v6h5v-8h3L12 3 2 12h3v8z"
          />
          <path
            d="M0 0h24v24H0z"
            fill="none"
          />
        </svg>
      </a>
      <a
        href="/android"
        title="Android Performance"
      >
        <svg
          aria-hidden="true"
          className="MuiSvgIcon-root-6"
          focusable="false"
          role="presentation"
          style={
            Object {
              "margin": "0 .2rem 0 .2rem",
              "verticalAlign": "baseline",
            }
          }
          viewBox="0 0 24 24"
        >
          <path
            d="M16 1H8C6.34 1 5 2.34 5 4v16c0 1.66 1.34 3 3 3h8c1.66 0 3-1.34 3-3V4c0-1.66-1.34-3-3-3zm-2 20h-4v-1h4v1zm3.25-3H6.75V4h10.5v14z"
          />
          <path
            d="M0 0h24v24H0z"
            fill="none"
          />
        </svg>
      </a>
      <a
        href="/quantum/64"
        title="Quantum 64 Performance"
      >
        <svg
          aria-hidden="true"
          className="MuiSvgIcon-root-6"
          focusable="false"
          role="presentation"
          style={
            Object {
              "margin": "0 .2rem 0 .2rem",
              "verticalAlign": "baseline",
            }
          }
          viewBox="0 0 24 24"
        >
          <path
            d="M0 0h24v24H0z"
            fill="none"
          />
          <path
            d="M21 2H3c-1.1 0-2 .9-2 2v12c0 1.1.9 2 2 2h7v2H8v2h8v-2h-2v-2h7c1.1 0 2-.9 2-2V4c0-1.1-.9-2-2-2zm0 14H3V4h18v12z"
          />
        </svg>
      </a>
      <a
        href="/power"
        title="Power Usage"
      >
        <svg
          aria-hidden="true"
          className="MuiSvgIcon-root-6"
          focusable="false"
          role="presentation"
          style={
            Object {
              "margin": "0 .2rem 0 .2rem",
              "verticalAlign": "baseline",
            }
          }
          viewBox="0 0 24 24"
        >
          <path
            d="M0 0h24v24H0z"
            fill="none"
          />
          <path
            d="M15.67 4H14V2h-4v2H8.33C7.6 4 7 4.6 7 5.33v15.33C7 21.4 7.6 22 8.33 22h7.33c.74 0 1.34-.6 1.34-1.33V5.33C17 4.6 16.4 4 15.67 4zM11 20v-5.5H9L13 7v5.5h2L11 20z"
          />
        </svg>
      </a>
      <a
        href="/playback"
        title="Playback"
      >
        <svg
          aria-hidden="true"
          className="MuiSvgIcon-root-6"
          focusable="false"
          role="presentation"
          style={
            Object {
              "margin": "0 .2rem 0 .2rem",
              "verticalAlign": "baseline",
            }
          }
          viewBox="0 0 24 24"
        >
          <path
            d="M0 0h24v24H0z"
            fill="none"
          />
          <path
            d="M17 10.5V7c0-.55-.45-1-1-1H4c-.55 0-1 .45-1 1v10c0 .55.45 1 1 1h12c.55 0 1-.45 1-1v-3.5l4 4v-11l-4 4z"
          />
        </svg>
      </a>
      <a
        href="https://github.com/mozilla-frontend-infra/firefox-health-dashboard/"
        title="Source Code"
      >
        <svg
          aria-hidden="true"
          className="MuiSvgIcon-root-6"
          focusable="false"
          role="presentation"
          style={
            Object {
              "margin": "0 .2rem 0 .2rem",
              "verticalAlign": "baseline",
            }
          }
          viewBox="0 0 24 24"
        >
          <path
            d="M0 0h24v24H0V0z"
            fill="none"
          />
          <path
            d="M9.4 16.6L4.8 12l4.6-4.6L8 6l-6 6 6 6 1.4-1.4zm5.2 0l4.6-4.6-4.6-4.6L16 6l6 6-6 6-1.4-1.4z"
          />
        </svg>
      </a>
    </div>
  </div>
  <div>
    <div
      className="Section-header-16"
    >
      <h2
        className="Section-title-17"
      >
        <span>
          Details by site
        </span>
      </h2>
    </div>
    <div
      className="Section-content-15"
    >
      <div
        className="MuiGrid-container-19 MuiGrid-spacing-xs-24-43"
      >
        <div
          className="MuiGrid-item-20 MuiGrid-grid-xs-6-53 TP6M-chart-2"
        >
          <div
            className="Output-root-1"
          >
            <form
              autoComplete="off"
              className="Picker-root-116"
            >
              <div
                className="MuiFormControl-root-117"
              >
                <label
                  className="MuiFormLabel-root-132 MuiFormLabel-filled-136 MuiInputLabel-root-121 MuiInputLabel-formControl-126 MuiInputLabel-animated-129 MuiInputLabel-shrink-128"
                  data-shrink={true}
                >
                  Test
                </label>
                <div
                  className="MuiInputBase-root-159 MuiInput-root-146 MuiInput-underline-150 MuiInputBase-formControl-160 MuiInput-formControl-147"
                  onClick={[Function]}
                >
                  <div
                    className="MuiSelect-root-139"
                  >
                    <div
                      aria-haspopup="true"
                      aria-pressed="false"
                      className="MuiSelect-select-140 MuiSelect-selectMenu-143 MuiInputBase-input-169 MuiInput-input-154"
                      id="select-test"
                      onBlur={[Function]}
                      onClick={[Function]}
                      onFocus={[Function]}
                      onKeyDown={[Function]}
                      role="button"
                      tabIndex={0}
                    >
                      Cold load time
                    </div>
                    <input
                      name="test"
                      type="hidden"
                      value="cold-loadtime"
                    />
                    <svg
                      aria-hidden="true"
                      className="MuiSvgIcon-root-6 MuiSelect-icon-145"
                      focusable="false"
                      role="presentation"
                      viewBox="0 0 24 24"
                    >
                      <path
                        d="M7 10l5 5 5-5z"
                      />
                    </svg>
                  </div>
                </div>
              </div>
            </form>
            <form
              autoComplete="off"
              className="Picker-root-116"
            >
              <div
                className="MuiFormControl-root-117"
              >
                <label
                  className="MuiFormLabel-root-132 MuiFormLabel-filled-136 MuiInputLabel-root-121 MuiInputLabel-formControl-126 MuiInputLabel-animated-129 MuiInputLabel-shrink-128"
                  data-shrink={true}
                >
                  Platform
                </label>
                <div
                  className="MuiInputBase-root-159 MuiInput-root-146 MuiInput-underline-150 MuiInputBase-formControl-160 MuiInput-formControl-147"
                  onClick={[Function]}
                >
                  <div
                    className="MuiSelect-root-139"
                  >
                    <div
                      aria-haspopup="true"
                      aria-pressed="false"
                      className="MuiSelect-select-140 MuiSelect-selectMenu-143 MuiInputBase-input-169 MuiInput-input-154"
                      id="select-platform"
                      onBlur={[Function]}
                      onClick={[Function]}
                      onFocus={[Function]}
                      onKeyDown={[Function]}
                      role="button"
                      tabIndex={0}
                    >
                      Firefox Preview g5
                    </div>
                    <input
                      name="platform"
                      type="hidden"
                      value="fenix-g5"
                    />
                    <svg
                      aria-hidden="true"
                      className="MuiSvgIcon-root-6 MuiSelect-icon-145"
                      focusable="false"
                      role="presentation"
                      viewBox="0 0 24 24"
                    >
                      <path
                        d="M7 10l5 5 5-5z"
                      />
                    </svg>
                  </div>
                </div>
              </div>
            </form>
            <form
              autoComplete="off"
              className="DurationPickerPre-root-180"
              style={
                Object {
                  "width": "8rem",
                }
              }
            >
              <label
                className="MuiFormLabel-root-132 MuiInputLabel-root-121 MuiInputLabel-animated-129 DurationPickerPre-label-181"
                htmlFor="past"
              >
                Show past
              </label>
              <div
                className="DurationPickerPre-value-182"
              >
                month
              </div>
              <div
                aria-orientation="horizontal"
                aria-valuemax={6}
                aria-valuemin={0}
                aria-valuenow={4}
                className="MuiSlider-root-184"
                onClick={[Function]}
                onMouseDown={[Function]}
                onTouchMove={[Function]}
                onTouchStartCapture={[Function]}
                role="slider"
              >
                <div
                  className="MuiSlider-container-185"
                >
                  <div
                    className="MuiSlider-track-186 MuiSlider-trackBefore-187"
                    style={
                      Object {
                        "transform": "translateY(-50%) scaleX(0.6666666666666667)",
                      }
                    }
                  />
                  <div
                    className="MuiSlider-thumbWrapper-189"
                    style={
                      Object {
                        "transform": "translateX(66.66666666666667%)",
                      }
                    }
                  >
                    <button
                      className="MuiButtonBase-root-198 MuiSlider-thumb-190"
                      onBlur={[Function]}
                      onContextMenu={[Function]}
                      onFocus={[Function]}
                      onKeyDown={[Function]}
                      onKeyUp={[Function]}
                      onMouseDown={[Function]}
                      onMouseLeave={[Function]}
                      onMouseUp={[Function]}
                      onTouchEnd={[Function]}
                      onTouchMove={[Function]}
                      onTouchStart={[Function]}
                      onTouchStartCapture={[Function]}
                      tabIndex="0"
                      type="button"
                    />
                  </div>
                  <div
                    className="MuiSlider-track-186 MuiSlider-trackAfter-188"
                    style={
                      Object {
                        "transform": "translateY(-50%) scaleX(0.33333333333333326)",
                      }
                    }
                  />
                </div>
              </div>
            </form>
          </div>
        </div>
        <div
          className="MuiGrid-item-20 MuiGrid-grid-xs-6-53 TP6M-chart-2"
        />
        <div
          className="MuiGrid-item-20 MuiGrid-grid-xs-6-53 TP6M-chart-2"
        >
          <div
            style={
              Object {
                "position": "relative",
              }
            }
          >
            <div
              className="ChartJsWrapper-chartContainer-203"
            >
              <h2
                className="ChartJsWrapper-title-204"
              >
                <div>
                  Tp6 mobile: Aframe.io
                </div>
              </h2>
              <div
                style={
                  Object {
                    "height": 80,
                    "position": "relative",
                  }
                }
              >
                <div
                  style={
                    Object {
                      "position": "absolute",
                      "right": "50%",
                      "top": "50%",
                    }
                  }
                >
                  <div
                    className="MuiCircularProgress-root-206 MuiCircularProgress-colorPrimary-209 MuiCircularProgress-indeterminate-208"
                    role="progressbar"
                    style={
                      Object {
                        "height": 40,
                        "width": 40,
                      }
                    }
                  >
                    <svg
                      className="MuiCircularProgress-svg-211"
                      viewBox="22 22 44 44"
                    >
                      <circle
                        className="MuiCircularProgress-circle-212 MuiCircularProgress-circleIndeterminate-214"
                        cx={44}
                        cy={44}
                        fill="none"
                        r={20.2}
                        strokeWidth={3.6}
                        style={Object {}}
                      />
                    </svg>
                  </div>
                </div>
              </div>
            </div>
          </div>
        </div>
        <div
          className="MuiGrid-item-20 MuiGrid-grid-xs-6-53 TP6M-chart-2"
        >
          <div
            style={
              Object {
                "position": "relative",
              }
            }
          >
            <div
              className="ChartJsWrapper-chartContainer-203"
            >
              <h2
                className="ChartJsWrapper-title-204"
              >
                <div>
                  Tp6 mobile: All Recipes
                </div>
              </h2>
              <div
                style={
                  Object {
                    "height": 80,
                    "position": "relative",
                  }
                }
              >
                <div
                  style={
                    Object {
                      "position": "absolute",
                      "right": "50%",
                      "top": "50%",
                    }
                  }
                >
                  <div
                    className="MuiCircularProgress-root-206 MuiCircularProgress-colorPrimary-209 MuiCircularProgress-indeterminate-208"
                    role="progressbar"
                    style={
                      Object {
                        "height": 40,
                        "width": 40,
                      }
                    }
                  >
                    <svg
                      className="MuiCircularProgress-svg-211"
                      viewBox="22 22 44 44"
                    >
                      <circle
                        className="MuiCircularProgress-circle-212 MuiCircularProgress-circleIndeterminate-214"
                        cx={44}
                        cy={44}
                        fill="none"
                        r={20.2}
                        strokeWidth={3.6}
                        style={Object {}}
                      />
                    </svg>
                  </div>
                </div>
              </div>
            </div>
          </div>
        </div>
        <div
          className="MuiGrid-item-20 MuiGrid-grid-xs-6-53 TP6M-chart-2"
        >
          <div
            style={
              Object {
                "position": "relative",
              }
            }
          >
            <div
              className="ChartJsWrapper-chartContainer-203"
            >
              <h2
                className="ChartJsWrapper-title-204"
              >
                <div>
                  Tp6 mobile: Amazon
                </div>
              </h2>
              <div
                style={
                  Object {
                    "height": 80,
                    "position": "relative",
                  }
                }
              >
                <div
                  style={
                    Object {
                      "position": "absolute",
                      "right": "50%",
                      "top": "50%",
                    }
                  }
                >
                  <div
                    className="MuiCircularProgress-root-206 MuiCircularProgress-colorPrimary-209 MuiCircularProgress-indeterminate-208"
                    role="progressbar"
                    style={
                      Object {
                        "height": 40,
                        "width": 40,
                      }
                    }
                  >
                    <svg
                      className="MuiCircularProgress-svg-211"
                      viewBox="22 22 44 44"
                    >
                      <circle
                        className="MuiCircularProgress-circle-212 MuiCircularProgress-circleIndeterminate-214"
                        cx={44}
                        cy={44}
                        fill="none"
                        r={20.2}
                        strokeWidth={3.6}
                        style={Object {}}
                      />
                    </svg>
                  </div>
                </div>
              </div>
            </div>
          </div>
        </div>
        <div
          className="MuiGrid-item-20 MuiGrid-grid-xs-6-53 TP6M-chart-2"
        >
          <div
            style={
              Object {
                "position": "relative",
              }
            }
          >
            <div
              className="ChartJsWrapper-chartContainer-203"
            >
              <h2
                className="ChartJsWrapper-title-204"
              >
                <div>
                  Tp6 mobile: Amazon Search
                </div>
              </h2>
              <div
                style={
                  Object {
                    "height": 80,
                    "position": "relative",
                  }
                }
              >
                <div
                  style={
                    Object {
                      "position": "absolute",
                      "right": "50%",
                      "top": "50%",
                    }
                  }
                >
                  <div
                    className="MuiCircularProgress-root-206 MuiCircularProgress-colorPrimary-209 MuiCircularProgress-indeterminate-208"
                    role="progressbar"
                    style={
                      Object {
                        "height": 40,
                        "width": 40,
                      }
                    }
                  >
                    <svg
                      className="MuiCircularProgress-svg-211"
                      viewBox="22 22 44 44"
                    >
                      <circle
                        className="MuiCircularProgress-circle-212 MuiCircularProgress-circleIndeterminate-214"
                        cx={44}
                        cy={44}
                        fill="none"
                        r={20.2}
                        strokeWidth={3.6}
                        style={Object {}}
                      />
                    </svg>
                  </div>
                </div>
              </div>
            </div>
          </div>
        </div>
        <div
          className="MuiGrid-item-20 MuiGrid-grid-xs-6-53 TP6M-chart-2"
        >
          <div
            style={
              Object {
                "position": "relative",
              }
            }
          >
            <div
              className="ChartJsWrapper-chartContainer-203"
            >
              <h2
                className="ChartJsWrapper-title-204"
              >
                <div>
                  Tp6 mobile: BBC
                </div>
              </h2>
              <div
                style={
                  Object {
                    "height": 80,
                    "position": "relative",
                  }
                }
              >
                <div
                  style={
                    Object {
                      "position": "absolute",
                      "right": "50%",
                      "top": "50%",
                    }
                  }
                >
                  <div
                    className="MuiCircularProgress-root-206 MuiCircularProgress-colorPrimary-209 MuiCircularProgress-indeterminate-208"
                    role="progressbar"
                    style={
                      Object {
                        "height": 40,
                        "width": 40,
                      }
                    }
                  >
                    <svg
                      className="MuiCircularProgress-svg-211"
                      viewBox="22 22 44 44"
                    >
                      <circle
                        className="MuiCircularProgress-circle-212 MuiCircularProgress-circleIndeterminate-214"
                        cx={44}
                        cy={44}
                        fill="none"
                        r={20.2}
                        strokeWidth={3.6}
                        style={Object {}}
                      />
                    </svg>
                  </div>
                </div>
              </div>
            </div>
          </div>
        </div>
        <div
          className="MuiGrid-item-20 MuiGrid-grid-xs-6-53 TP6M-chart-2"
        >
          <div
            style={
              Object {
                "position": "relative",
              }
            }
          >
            <div
              className="ChartJsWrapper-chartContainer-203"
            >
              <h2
                className="ChartJsWrapper-title-204"
              >
                <div>
                  Tp6 mobile: Bing
                </div>
              </h2>
              <div
                style={
                  Object {
                    "height": 80,
                    "position": "relative",
                  }
                }
              >
                <div
                  style={
                    Object {
                      "position": "absolute",
                      "right": "50%",
                      "top": "50%",
                    }
                  }
                >
                  <div
                    className="MuiCircularProgress-root-206 MuiCircularProgress-colorPrimary-209 MuiCircularProgress-indeterminate-208"
                    role="progressbar"
                    style={
                      Object {
                        "height": 40,
                        "width": 40,
                      }
                    }
                  >
                    <svg
                      className="MuiCircularProgress-svg-211"
                      viewBox="22 22 44 44"
                    >
                      <circle
                        className="MuiCircularProgress-circle-212 MuiCircularProgress-circleIndeterminate-214"
                        cx={44}
                        cy={44}
                        fill="none"
                        r={20.2}
                        strokeWidth={3.6}
                        style={Object {}}
                      />
                    </svg>
                  </div>
                </div>
              </div>
            </div>
          </div>
        </div>
        <div
          className="MuiGrid-item-20 MuiGrid-grid-xs-6-53 TP6M-chart-2"
        >
          <div
            style={
              Object {
                "position": "relative",
              }
            }
          >
            <div
              className="ChartJsWrapper-chartContainer-203"
            >
              <h2
                className="ChartJsWrapper-title-204"
              >
                <div>
                  Tp6 mobile: Bing Restaurants
                </div>
              </h2>
              <div
                style={
                  Object {
                    "height": 80,
                    "position": "relative",
                  }
                }
              >
                <div
                  style={
                    Object {
                      "position": "absolute",
                      "right": "50%",
                      "top": "50%",
                    }
                  }
                >
                  <div
                    className="MuiCircularProgress-root-206 MuiCircularProgress-colorPrimary-209 MuiCircularProgress-indeterminate-208"
                    role="progressbar"
                    style={
                      Object {
                        "height": 40,
                        "width": 40,
                      }
                    }
                  >
                    <svg
                      className="MuiCircularProgress-svg-211"
                      viewBox="22 22 44 44"
                    >
                      <circle
                        className="MuiCircularProgress-circle-212 MuiCircularProgress-circleIndeterminate-214"
                        cx={44}
                        cy={44}
                        fill="none"
                        r={20.2}
                        strokeWidth={3.6}
                        style={Object {}}
                      />
                    </svg>
                  </div>
                </div>
              </div>
            </div>
          </div>
        </div>
        <div
          className="MuiGrid-item-20 MuiGrid-grid-xs-6-53 TP6M-chart-2"
        >
          <div
            style={
              Object {
                "position": "relative",
              }
            }
          >
            <div
              className="ChartJsWrapper-chartContainer-203"
            >
              <h2
                className="ChartJsWrapper-title-204"
              >
                <div>
                  Tp6 mobile: Booking
                </div>
              </h2>
              <div
                style={
                  Object {
                    "height": 80,
                    "position": "relative",
                  }
                }
              >
                <div
                  style={
                    Object {
                      "position": "absolute",
                      "right": "50%",
                      "top": "50%",
                    }
                  }
                >
                  <div
                    className="MuiCircularProgress-root-206 MuiCircularProgress-colorPrimary-209 MuiCircularProgress-indeterminate-208"
                    role="progressbar"
                    style={
                      Object {
                        "height": 40,
                        "width": 40,
                      }
                    }
                  >
                    <svg
                      className="MuiCircularProgress-svg-211"
                      viewBox="22 22 44 44"
                    >
                      <circle
                        className="MuiCircularProgress-circle-212 MuiCircularProgress-circleIndeterminate-214"
                        cx={44}
                        cy={44}
                        fill="none"
                        r={20.2}
                        strokeWidth={3.6}
                        style={Object {}}
                      />
                    </svg>
                  </div>
                </div>
              </div>
            </div>
          </div>
        </div>
        <div
          className="MuiGrid-item-20 MuiGrid-grid-xs-6-53 TP6M-chart-2"
        >
          <div
            style={
              Object {
                "position": "relative",
              }
            }
          >
            <div
              className="ChartJsWrapper-chartContainer-203"
            >
              <h2
                className="ChartJsWrapper-title-204"
              >
                <div>
                  Tp6 mobile: CNN
                </div>
              </h2>
              <div
                style={
                  Object {
                    "height": 80,
                    "position": "relative",
                  }
                }
              >
                <div
                  style={
                    Object {
                      "position": "absolute",
                      "right": "50%",
                      "top": "50%",
                    }
                  }
                >
                  <div
                    className="MuiCircularProgress-root-206 MuiCircularProgress-colorPrimary-209 MuiCircularProgress-indeterminate-208"
                    role="progressbar"
                    style={
                      Object {
                        "height": 40,
                        "width": 40,
                      }
                    }
                  >
                    <svg
                      className="MuiCircularProgress-svg-211"
                      viewBox="22 22 44 44"
                    >
                      <circle
                        className="MuiCircularProgress-circle-212 MuiCircularProgress-circleIndeterminate-214"
                        cx={44}
                        cy={44}
                        fill="none"
                        r={20.2}
                        strokeWidth={3.6}
                        style={Object {}}
                      />
                    </svg>
                  </div>
                </div>
              </div>
            </div>
          </div>
        </div>
        <div
          className="MuiGrid-item-20 MuiGrid-grid-xs-6-53 TP6M-chart-2"
        >
          <div
            style={
              Object {
                "position": "relative",
              }
            }
          >
            <div
              className="ChartJsWrapper-chartContainer-203"
            >
              <h2
                className="ChartJsWrapper-title-204"
              >
                <div>
                  Tp6 mobile: CNN AmpStories
                </div>
              </h2>
              <div
                style={
                  Object {
                    "height": 80,
                    "position": "relative",
                  }
                }
              >
                <div
                  style={
                    Object {
                      "position": "absolute",
                      "right": "50%",
                      "top": "50%",
                    }
                  }
                >
                  <div
                    className="MuiCircularProgress-root-206 MuiCircularProgress-colorPrimary-209 MuiCircularProgress-indeterminate-208"
                    role="progressbar"
                    style={
                      Object {
                        "height": 40,
                        "width": 40,
                      }
                    }
                  >
                    <svg
                      className="MuiCircularProgress-svg-211"
                      viewBox="22 22 44 44"
                    >
                      <circle
                        className="MuiCircularProgress-circle-212 MuiCircularProgress-circleIndeterminate-214"
                        cx={44}
                        cy={44}
                        fill="none"
                        r={20.2}
                        strokeWidth={3.6}
                        style={Object {}}
                      />
                    </svg>
                  </div>
                </div>
              </div>
            </div>
          </div>
        </div>
        <div
          className="MuiGrid-item-20 MuiGrid-grid-xs-6-53 TP6M-chart-2"
        >
          <div
            style={
              Object {
                "position": "relative",
              }
            }
          >
            <div
              className="ChartJsWrapper-chartContainer-203"
            >
              <h2
                className="ChartJsWrapper-title-204"
              >
                <div>
                  Tp6 mobile: ESPN
                </div>
              </h2>
              <div
                style={
                  Object {
                    "height": 80,
                    "position": "relative",
                  }
                }
              >
                <div
                  style={
                    Object {
                      "position": "absolute",
                      "right": "50%",
                      "top": "50%",
                    }
                  }
                >
                  <div
                    className="MuiCircularProgress-root-206 MuiCircularProgress-colorPrimary-209 MuiCircularProgress-indeterminate-208"
                    role="progressbar"
                    style={
                      Object {
                        "height": 40,
                        "width": 40,
                      }
                    }
                  >
                    <svg
                      className="MuiCircularProgress-svg-211"
                      viewBox="22 22 44 44"
                    >
                      <circle
                        className="MuiCircularProgress-circle-212 MuiCircularProgress-circleIndeterminate-214"
                        cx={44}
                        cy={44}
                        fill="none"
                        r={20.2}
                        strokeWidth={3.6}
                        style={Object {}}
                      />
                    </svg>
                  </div>
                </div>
              </div>
            </div>
          </div>
        </div>
        <div
          className="MuiGrid-item-20 MuiGrid-grid-xs-6-53 TP6M-chart-2"
        >
          <div
            style={
              Object {
                "position": "relative",
              }
            }
          >
            <div
              className="ChartJsWrapper-chartContainer-203"
            >
              <h2
                className="ChartJsWrapper-title-204"
              >
                <div>
                  Tp6 mobile: Facebook
                </div>
              </h2>
              <div
                style={
                  Object {
                    "height": 80,
                    "position": "relative",
                  }
                }
              >
                <div
                  style={
                    Object {
                      "position": "absolute",
                      "right": "50%",
                      "top": "50%",
                    }
                  }
                >
                  <div
                    className="MuiCircularProgress-root-206 MuiCircularProgress-colorPrimary-209 MuiCircularProgress-indeterminate-208"
                    role="progressbar"
                    style={
                      Object {
                        "height": 40,
                        "width": 40,
                      }
                    }
                  >
                    <svg
                      className="MuiCircularProgress-svg-211"
                      viewBox="22 22 44 44"
                    >
                      <circle
                        className="MuiCircularProgress-circle-212 MuiCircularProgress-circleIndeterminate-214"
                        cx={44}
                        cy={44}
                        fill="none"
                        r={20.2}
                        strokeWidth={3.6}
                        style={Object {}}
                      />
                    </svg>
                  </div>
                </div>
              </div>
            </div>
          </div>
        </div>
        <div
          className="MuiGrid-item-20 MuiGrid-grid-xs-6-53 TP6M-chart-2"
        >
          <div
            style={
              Object {
                "position": "relative",
              }
            }
          >
            <div
              className="ChartJsWrapper-chartContainer-203"
            >
              <h2
                className="ChartJsWrapper-title-204"
              >
                <div>
                  Tp6 mobile: Facebook Cristiano
                </div>
              </h2>
              <div
                style={
                  Object {
                    "height": 80,
                    "position": "relative",
                  }
                }
              >
                <div
                  style={
                    Object {
                      "position": "absolute",
                      "right": "50%",
                      "top": "50%",
                    }
                  }
                >
                  <div
                    className="MuiCircularProgress-root-206 MuiCircularProgress-colorPrimary-209 MuiCircularProgress-indeterminate-208"
                    role="progressbar"
                    style={
                      Object {
                        "height": 40,
                        "width": 40,
                      }
                    }
                  >
                    <svg
                      className="MuiCircularProgress-svg-211"
                      viewBox="22 22 44 44"
                    >
                      <circle
                        className="MuiCircularProgress-circle-212 MuiCircularProgress-circleIndeterminate-214"
                        cx={44}
                        cy={44}
                        fill="none"
                        r={20.2}
                        strokeWidth={3.6}
                        style={Object {}}
                      />
                    </svg>
                  </div>
                </div>
              </div>
            </div>
          </div>
        </div>
        <div
          className="MuiGrid-item-20 MuiGrid-grid-xs-6-53 TP6M-chart-2"
        >
          <div
            style={
              Object {
                "position": "relative",
              }
            }
          >
            <div
              className="ChartJsWrapper-chartContainer-203"
            >
              <h2
                className="ChartJsWrapper-title-204"
              >
                <div>
                  Tp6 mobile: Google
                </div>
              </h2>
              <div
                style={
                  Object {
                    "height": 80,
                    "position": "relative",
                  }
                }
              >
                <div
                  style={
                    Object {
                      "position": "absolute",
                      "right": "50%",
                      "top": "50%",
                    }
                  }
                >
                  <div
                    className="MuiCircularProgress-root-206 MuiCircularProgress-colorPrimary-209 MuiCircularProgress-indeterminate-208"
                    role="progressbar"
                    style={
                      Object {
                        "height": 40,
                        "width": 40,
                      }
                    }
                  >
                    <svg
                      className="MuiCircularProgress-svg-211"
                      viewBox="22 22 44 44"
                    >
                      <circle
                        className="MuiCircularProgress-circle-212 MuiCircularProgress-circleIndeterminate-214"
                        cx={44}
                        cy={44}
                        fill="none"
                        r={20.2}
                        strokeWidth={3.6}
                        style={Object {}}
                      />
                    </svg>
                  </div>
                </div>
              </div>
            </div>
          </div>
        </div>
        <div
          className="MuiGrid-item-20 MuiGrid-grid-xs-6-53 TP6M-chart-2"
        >
          <div
            style={
              Object {
                "position": "relative",
              }
            }
          >
            <div
              className="ChartJsWrapper-chartContainer-203"
            >
              <h2
                className="ChartJsWrapper-title-204"
              >
                <div>
                  Tp6 mobile: Google Maps
                </div>
              </h2>
              <div
                style={
                  Object {
                    "height": 80,
                    "position": "relative",
                  }
                }
              >
                <div
                  style={
                    Object {
                      "position": "absolute",
                      "right": "50%",
                      "top": "50%",
                    }
                  }
                >
                  <div
                    className="MuiCircularProgress-root-206 MuiCircularProgress-colorPrimary-209 MuiCircularProgress-indeterminate-208"
                    role="progressbar"
                    style={
                      Object {
                        "height": 40,
                        "width": 40,
                      }
                    }
                  >
                    <svg
                      className="MuiCircularProgress-svg-211"
                      viewBox="22 22 44 44"
                    >
                      <circle
                        className="MuiCircularProgress-circle-212 MuiCircularProgress-circleIndeterminate-214"
                        cx={44}
                        cy={44}
                        fill="none"
                        r={20.2}
                        strokeWidth={3.6}
                        style={Object {}}
                      />
                    </svg>
                  </div>
                </div>
              </div>
            </div>
          </div>
        </div>
        <div
          className="MuiGrid-item-20 MuiGrid-grid-xs-6-53 TP6M-chart-2"
        >
          <div
            style={
              Object {
                "position": "relative",
              }
            }
          >
            <div
              className="ChartJsWrapper-chartContainer-203"
            >
              <h2
                className="ChartJsWrapper-title-204"
              >
                <div>
                  Tp6 mobile: Imdb
                </div>
              </h2>
              <div
                style={
                  Object {
                    "height": 80,
                    "position": "relative",
                  }
                }
              >
                <div
                  style={
                    Object {
                      "position": "absolute",
                      "right": "50%",
                      "top": "50%",
                    }
                  }
                >
                  <div
                    className="MuiCircularProgress-root-206 MuiCircularProgress-colorPrimary-209 MuiCircularProgress-indeterminate-208"
                    role="progressbar"
                    style={
                      Object {
                        "height": 40,
                        "width": 40,
                      }
                    }
                  >
                    <svg
                      className="MuiCircularProgress-svg-211"
                      viewBox="22 22 44 44"
                    >
                      <circle
                        className="MuiCircularProgress-circle-212 MuiCircularProgress-circleIndeterminate-214"
                        cx={44}
                        cy={44}
                        fill="none"
                        r={20.2}
                        strokeWidth={3.6}
                        style={Object {}}
                      />
                    </svg>
                  </div>
                </div>
              </div>
            </div>
          </div>
        </div>
        <div
          className="MuiGrid-item-20 MuiGrid-grid-xs-6-53 TP6M-chart-2"
        >
          <div
            style={
              Object {
                "position": "relative",
              }
            }
          >
            <div
              className="ChartJsWrapper-chartContainer-203"
            >
              <h2
                className="ChartJsWrapper-title-204"
              >
                <div>
                  Tp6 mobile: Instagram
                </div>
              </h2>
              <div
                style={
                  Object {
                    "height": 80,
                    "position": "relative",
                  }
                }
              >
                <div
                  style={
                    Object {
                      "position": "absolute",
                      "right": "50%",
                      "top": "50%",
                    }
                  }
                >
                  <div
                    className="MuiCircularProgress-root-206 MuiCircularProgress-colorPrimary-209 MuiCircularProgress-indeterminate-208"
                    role="progressbar"
                    style={
                      Object {
                        "height": 40,
                        "width": 40,
                      }
                    }
                  >
                    <svg
                      className="MuiCircularProgress-svg-211"
                      viewBox="22 22 44 44"
                    >
                      <circle
                        className="MuiCircularProgress-circle-212 MuiCircularProgress-circleIndeterminate-214"
                        cx={44}
                        cy={44}
                        fill="none"
                        r={20.2}
                        strokeWidth={3.6}
                        style={Object {}}
                      />
                    </svg>
                  </div>
                </div>
              </div>
            </div>
          </div>
        </div>
        <div
          className="MuiGrid-item-20 MuiGrid-grid-xs-6-53 TP6M-chart-2"
        >
          <div
            style={
              Object {
                "position": "relative",
              }
            }
          >
            <div
              className="ChartJsWrapper-chartContainer-203"
            >
              <h2
                className="ChartJsWrapper-title-204"
              >
                <div>
                  Tp6 mobile: Jianshu
                </div>
              </h2>
              <div
                style={
                  Object {
                    "height": 80,
                    "position": "relative",
                  }
                }
              >
                <div
                  style={
                    Object {
                      "position": "absolute",
                      "right": "50%",
                      "top": "50%",
                    }
                  }
                >
                  <div
                    className="MuiCircularProgress-root-206 MuiCircularProgress-colorPrimary-209 MuiCircularProgress-indeterminate-208"
                    role="progressbar"
                    style={
                      Object {
                        "height": 40,
                        "width": 40,
                      }
                    }
                  >
                    <svg
                      className="MuiCircularProgress-svg-211"
                      viewBox="22 22 44 44"
                    >
                      <circle
                        className="MuiCircularProgress-circle-212 MuiCircularProgress-circleIndeterminate-214"
                        cx={44}
                        cy={44}
                        fill="none"
                        r={20.2}
                        strokeWidth={3.6}
                        style={Object {}}
                      />
                    </svg>
                  </div>
                </div>
              </div>
            </div>
          </div>
        </div>
        <div
          className="MuiGrid-item-20 MuiGrid-grid-xs-6-53 TP6M-chart-2"
        >
          <div
            style={
              Object {
                "position": "relative",
              }
            }
          >
            <div
              className="ChartJsWrapper-chartContainer-203"
            >
              <h2
                className="ChartJsWrapper-title-204"
              >
                <div>
                  Tp6 mobile: Kleinanzeigen
                </div>
              </h2>
              <div
                style={
                  Object {
                    "height": 80,
                    "position": "relative",
                  }
                }
              >
                <div
                  style={
                    Object {
                      "position": "absolute",
                      "right": "50%",
                      "top": "50%",
                    }
                  }
                >
                  <div
                    className="MuiCircularProgress-root-206 MuiCircularProgress-colorPrimary-209 MuiCircularProgress-indeterminate-208"
                    role="progressbar"
                    style={
                      Object {
                        "height": 40,
                        "width": 40,
                      }
                    }
                  >
                    <svg
                      className="MuiCircularProgress-svg-211"
                      viewBox="22 22 44 44"
                    >
                      <circle
                        className="MuiCircularProgress-circle-212 MuiCircularProgress-circleIndeterminate-214"
                        cx={44}
                        cy={44}
                        fill="none"
                        r={20.2}
                        strokeWidth={3.6}
                        style={Object {}}
                      />
                    </svg>
                  </div>
                </div>
              </div>
            </div>
          </div>
        </div>
        <div
          className="MuiGrid-item-20 MuiGrid-grid-xs-6-53 TP6M-chart-2"
        >
          <div
            style={
              Object {
                "position": "relative",
              }
            }
          >
            <div
              className="ChartJsWrapper-chartContainer-203"
            >
              <h2
                className="ChartJsWrapper-title-204"
              >
                <div>
                  Tp6 mobile: Kleinanzeigen Search
                </div>
              </h2>
              <div
                style={
                  Object {
                    "height": 80,
                    "position": "relative",
                  }
                }
              >
                <div
                  style={
                    Object {
                      "position": "absolute",
                      "right": "50%",
                      "top": "50%",
                    }
                  }
                >
                  <div
                    className="MuiCircularProgress-root-206 MuiCircularProgress-colorPrimary-209 MuiCircularProgress-indeterminate-208"
                    role="progressbar"
                    style={
                      Object {
                        "height": 40,
                        "width": 40,
                      }
                    }
                  >
                    <svg
                      className="MuiCircularProgress-svg-211"
                      viewBox="22 22 44 44"
                    >
                      <circle
                        className="MuiCircularProgress-circle-212 MuiCircularProgress-circleIndeterminate-214"
                        cx={44}
                        cy={44}
                        fill="none"
                        r={20.2}
                        strokeWidth={3.6}
                        style={Object {}}
                      />
                    </svg>
                  </div>
                </div>
              </div>
            </div>
          </div>
        </div>
        <div
          className="MuiGrid-item-20 MuiGrid-grid-xs-6-53 TP6M-chart-2"
        >
          <div
            style={
              Object {
                "position": "relative",
              }
            }
          >
            <div
              className="ChartJsWrapper-chartContainer-203"
            >
              <h2
                className="ChartJsWrapper-title-204"
              >
                <div>
                  Tp6 mobile: Microsoft Support
                </div>
              </h2>
              <div
                style={
                  Object {
                    "height": 80,
                    "position": "relative",
                  }
                }
              >
                <div
                  style={
                    Object {
                      "position": "absolute",
                      "right": "50%",
                      "top": "50%",
                    }
                  }
                >
                  <div
                    className="MuiCircularProgress-root-206 MuiCircularProgress-colorPrimary-209 MuiCircularProgress-indeterminate-208"
                    role="progressbar"
                    style={
                      Object {
                        "height": 40,
                        "width": 40,
                      }
                    }
                  >
                    <svg
                      className="MuiCircularProgress-svg-211"
                      viewBox="22 22 44 44"
                    >
                      <circle
                        className="MuiCircularProgress-circle-212 MuiCircularProgress-circleIndeterminate-214"
                        cx={44}
                        cy={44}
                        fill="none"
                        r={20.2}
                        strokeWidth={3.6}
                        style={Object {}}
                      />
                    </svg>
                  </div>
                </div>
              </div>
            </div>
          </div>
        </div>
        <div
          className="MuiGrid-item-20 MuiGrid-grid-xs-6-53 TP6M-chart-2"
        >
          <div
            style={
              Object {
                "position": "relative",
              }
            }
          >
            <div
              className="ChartJsWrapper-chartContainer-203"
            >
              <h2
                className="ChartJsWrapper-title-204"
              >
                <div>
                  Tp6 mobile: Reddit
                </div>
              </h2>
              <div
                style={
                  Object {
                    "height": 80,
                    "position": "relative",
                  }
                }
              >
                <div
                  style={
                    Object {
                      "position": "absolute",
                      "right": "50%",
                      "top": "50%",
                    }
                  }
                >
                  <div
                    className="MuiCircularProgress-root-206 MuiCircularProgress-colorPrimary-209 MuiCircularProgress-indeterminate-208"
                    role="progressbar"
                    style={
                      Object {
                        "height": 40,
                        "width": 40,
                      }
                    }
                  >
                    <svg
                      className="MuiCircularProgress-svg-211"
                      viewBox="22 22 44 44"
                    >
                      <circle
                        className="MuiCircularProgress-circle-212 MuiCircularProgress-circleIndeterminate-214"
                        cx={44}
                        cy={44}
                        fill="none"
                        r={20.2}
                        strokeWidth={3.6}
                        style={Object {}}
                      />
                    </svg>
                  </div>
                </div>
              </div>
            </div>
          </div>
        </div>
        <div
          className="MuiGrid-item-20 MuiGrid-grid-xs-6-53 TP6M-chart-2"
        >
          <div
            style={
              Object {
                "position": "relative",
              }
            }
          >
            <div
              className="ChartJsWrapper-chartContainer-203"
            >
              <h2
                className="ChartJsWrapper-title-204"
              >
                <div>
                  Tp6 mobile: Stackoverflow
                </div>
              </h2>
              <div
                style={
                  Object {
                    "height": 80,
                    "position": "relative",
                  }
                }
              >
                <div
                  style={
                    Object {
                      "position": "absolute",
                      "right": "50%",
                      "top": "50%",
                    }
                  }
                >
                  <div
                    className="MuiCircularProgress-root-206 MuiCircularProgress-colorPrimary-209 MuiCircularProgress-indeterminate-208"
                    role="progressbar"
                    style={
                      Object {
                        "height": 40,
                        "width": 40,
                      }
                    }
                  >
                    <svg
                      className="MuiCircularProgress-svg-211"
                      viewBox="22 22 44 44"
                    >
                      <circle
                        className="MuiCircularProgress-circle-212 MuiCircularProgress-circleIndeterminate-214"
                        cx={44}
                        cy={44}
                        fill="none"
                        r={20.2}
                        strokeWidth={3.6}
                        style={Object {}}
                      />
                    </svg>
                  </div>
                </div>
              </div>
            </div>
          </div>
        </div>
        <div
          className="MuiGrid-item-20 MuiGrid-grid-xs-6-53 TP6M-chart-2"
        >
          <div
            style={
              Object {
                "position": "relative",
              }
            }
          >
            <div
              className="ChartJsWrapper-chartContainer-203"
            >
              <h2
                className="ChartJsWrapper-title-204"
              >
                <div>
                  Tp6 mobile: Web.de
                </div>
              </h2>
              <div
                style={
                  Object {
                    "height": 80,
                    "position": "relative",
                  }
                }
              >
                <div
                  style={
                    Object {
                      "position": "absolute",
                      "right": "50%",
                      "top": "50%",
                    }
                  }
                >
                  <div
                    className="MuiCircularProgress-root-206 MuiCircularProgress-colorPrimary-209 MuiCircularProgress-indeterminate-208"
                    role="progressbar"
                    style={
                      Object {
                        "height": 40,
                        "width": 40,
                      }
                    }
                  >
                    <svg
                      className="MuiCircularProgress-svg-211"
                      viewBox="22 22 44 44"
                    >
                      <circle
                        className="MuiCircularProgress-circle-212 MuiCircularProgress-circleIndeterminate-214"
                        cx={44}
                        cy={44}
                        fill="none"
                        r={20.2}
                        strokeWidth={3.6}
                        style={Object {}}
                      />
                    </svg>
                  </div>
                </div>
              </div>
            </div>
          </div>
        </div>
        <div
          className="MuiGrid-item-20 MuiGrid-grid-xs-6-53 TP6M-chart-2"
        >
          <div
            style={
              Object {
                "position": "relative",
              }
            }
          >
            <div
              className="ChartJsWrapper-chartContainer-203"
            >
              <h2
                className="ChartJsWrapper-title-204"
              >
                <div>
                  Tp6 mobile: Wikipedia
                </div>
              </h2>
              <div
                style={
                  Object {
                    "height": 80,
                    "position": "relative",
                  }
                }
              >
                <div
                  style={
                    Object {
                      "position": "absolute",
                      "right": "50%",
                      "top": "50%",
                    }
                  }
                >
                  <div
                    className="MuiCircularProgress-root-206 MuiCircularProgress-colorPrimary-209 MuiCircularProgress-indeterminate-208"
                    role="progressbar"
                    style={
                      Object {
                        "height": 40,
                        "width": 40,
                      }
                    }
                  >
                    <svg
                      className="MuiCircularProgress-svg-211"
                      viewBox="22 22 44 44"
                    >
                      <circle
                        className="MuiCircularProgress-circle-212 MuiCircularProgress-circleIndeterminate-214"
                        cx={44}
                        cy={44}
                        fill="none"
                        r={20.2}
                        strokeWidth={3.6}
                        style={Object {}}
                      />
                    </svg>
                  </div>
                </div>
              </div>
            </div>
          </div>
        </div>
        <div
          className="MuiGrid-item-20 MuiGrid-grid-xs-6-53 TP6M-chart-2"
        >
          <div
            style={
              Object {
                "position": "relative",
              }
            }
          >
            <div
              className="ChartJsWrapper-chartContainer-203"
            >
              <h2
                className="ChartJsWrapper-title-204"
              >
                <div>
                  Tp6 mobile: YouTube
                </div>
              </h2>
              <div
                style={
                  Object {
                    "height": 80,
                    "position": "relative",
                  }
                }
              >
                <div
                  style={
                    Object {
                      "position": "absolute",
                      "right": "50%",
                      "top": "50%",
                    }
                  }
                >
                  <div
                    className="MuiCircularProgress-root-206 MuiCircularProgress-colorPrimary-209 MuiCircularProgress-indeterminate-208"
                    role="progressbar"
                    style={
                      Object {
                        "height": 40,
                        "width": 40,
                      }
                    }
                  >
                    <svg
                      className="MuiCircularProgress-svg-211"
                      viewBox="22 22 44 44"
                    >
                      <circle
                        className="MuiCircularProgress-circle-212 MuiCircularProgress-circleIndeterminate-214"
                        cx={44}
                        cy={44}
                        fill="none"
                        r={20.2}
                        strokeWidth={3.6}
                        style={Object {}}
                      />
                    </svg>
                  </div>
                </div>
              </div>
            </div>
          </div>
        </div>
        <div
          className="MuiGrid-item-20 MuiGrid-grid-xs-6-53 TP6M-chart-2"
        >
          <div
            style={
              Object {
                "position": "relative",
              }
            }
          >
            <div
              className="ChartJsWrapper-chartContainer-203"
            >
              <h2
                className="ChartJsWrapper-title-204"
              >
                <div>
                  Tp6 mobile: YouTube Watch
                </div>
              </h2>
              <div
                style={
                  Object {
                    "height": 80,
                    "position": "relative",
                  }
                }
              >
                <div
                  style={
                    Object {
                      "position": "absolute",
                      "right": "50%",
                      "top": "50%",
                    }
                  }
                >
                  <div
                    className="MuiCircularProgress-root-206 MuiCircularProgress-colorPrimary-209 MuiCircularProgress-indeterminate-208"
                    role="progressbar"
                    style={
                      Object {
                        "height": 40,
                        "width": 40,
                      }
                    }
                  >
                    <svg
                      className="MuiCircularProgress-svg-211"
                      viewBox="22 22 44 44"
                    >
                      <circle
                        className="MuiCircularProgress-circle-212 MuiCircularProgress-circleIndeterminate-214"
                        cx={44}
                        cy={44}
                        fill="none"
                        r={20.2}
                        strokeWidth={3.6}
                        style={Object {}}
                      />
                    </svg>
                  </div>
                </div>
              </div>
            </div>
          </div>
        </div>
      </div>
    </div>
  </div>
</div>
`;
